Archive member included to satisfy reference by file (symbol)

/usr/lib/gcc/arm-none-eabi/4.8/../../../arm-none-eabi/lib/armv7-m/libc_nano.a(lib_a-atexit.o)
                              /usr/lib/gcc/arm-none-eabi/4.8/../../../arm-none-eabi/lib/armv7-m/crt0.o (atexit)
/usr/lib/gcc/arm-none-eabi/4.8/../../../arm-none-eabi/lib/armv7-m/libc_nano.a(lib_a-exit.o)
                              /usr/lib/gcc/arm-none-eabi/4.8/../../../arm-none-eabi/lib/armv7-m/crt0.o (exit)
/usr/lib/gcc/arm-none-eabi/4.8/../../../arm-none-eabi/lib/armv7-m/libc_nano.a(lib_a-fini.o)
                              /usr/lib/gcc/arm-none-eabi/4.8/../../../arm-none-eabi/lib/armv7-m/crt0.o (__libc_fini_array)
/usr/lib/gcc/arm-none-eabi/4.8/../../../arm-none-eabi/lib/armv7-m/libc_nano.a(lib_a-impure.o)
                              /usr/lib/gcc/arm-none-eabi/4.8/../../../arm-none-eabi/lib/armv7-m/libc_nano.a(lib_a-exit.o) (_global_impure_ptr)
/usr/lib/gcc/arm-none-eabi/4.8/../../../arm-none-eabi/lib/armv7-m/libc_nano.a(lib_a-init.o)
                              /usr/lib/gcc/arm-none-eabi/4.8/../../../arm-none-eabi/lib/armv7-m/crt0.o (__libc_init_array)
/usr/lib/gcc/arm-none-eabi/4.8/../../../arm-none-eabi/lib/armv7-m/libc_nano.a(lib_a-memset.o)
                              /usr/lib/gcc/arm-none-eabi/4.8/../../../arm-none-eabi/lib/armv7-m/crt0.o (memset)
/usr/lib/gcc/arm-none-eabi/4.8/../../../arm-none-eabi/lib/armv7-m/libc_nano.a(lib_a-puts.o)
                              ./USER/main.o (puts)
/usr/lib/gcc/arm-none-eabi/4.8/../../../arm-none-eabi/lib/armv7-m/libc_nano.a(lib_a-wbuf.o)
                              /usr/lib/gcc/arm-none-eabi/4.8/../../../arm-none-eabi/lib/armv7-m/libc_nano.a(lib_a-puts.o) (__swbuf_r)
/usr/lib/gcc/arm-none-eabi/4.8/../../../arm-none-eabi/lib/armv7-m/libc_nano.a(lib_a-wsetup.o)
                              /usr/lib/gcc/arm-none-eabi/4.8/../../../arm-none-eabi/lib/armv7-m/libc_nano.a(lib_a-puts.o) (__swsetup_r)
/usr/lib/gcc/arm-none-eabi/4.8/../../../arm-none-eabi/lib/armv7-m/libc_nano.a(lib_a-__atexit.o)
                              /usr/lib/gcc/arm-none-eabi/4.8/../../../arm-none-eabi/lib/armv7-m/libc_nano.a(lib_a-atexit.o) (__register_exitproc)
/usr/lib/gcc/arm-none-eabi/4.8/../../../arm-none-eabi/lib/armv7-m/libc_nano.a(lib_a-__call_atexit.o)
                              /usr/lib/gcc/arm-none-eabi/4.8/../../../arm-none-eabi/lib/armv7-m/libc_nano.a(lib_a-__atexit.o) (__call_exitprocs)
/usr/lib/gcc/arm-none-eabi/4.8/../../../arm-none-eabi/lib/armv7-m/libc_nano.a(lib_a-fflush.o)
                              /usr/lib/gcc/arm-none-eabi/4.8/../../../arm-none-eabi/lib/armv7-m/libc_nano.a(lib_a-wbuf.o) (_fflush_r)
/usr/lib/gcc/arm-none-eabi/4.8/../../../arm-none-eabi/lib/armv7-m/libc_nano.a(lib_a-findfp.o)
                              /usr/lib/gcc/arm-none-eabi/4.8/../../../arm-none-eabi/lib/armv7-m/libc_nano.a(lib_a-puts.o) (__sinit)
/usr/lib/gcc/arm-none-eabi/4.8/../../../arm-none-eabi/lib/armv7-m/libc_nano.a(lib_a-fwalk.o)
                              /usr/lib/gcc/arm-none-eabi/4.8/../../../arm-none-eabi/lib/armv7-m/libc_nano.a(lib_a-findfp.o) (_fwalk)
/usr/lib/gcc/arm-none-eabi/4.8/../../../arm-none-eabi/lib/armv7-m/libc_nano.a(lib_a-makebuf.o)
                              /usr/lib/gcc/arm-none-eabi/4.8/../../../arm-none-eabi/lib/armv7-m/libc_nano.a(lib_a-wsetup.o) (__smakebuf_r)
/usr/lib/gcc/arm-none-eabi/4.8/../../../arm-none-eabi/lib/armv7-m/libc_nano.a(lib_a-nano-freer.o)
                              /usr/lib/gcc/arm-none-eabi/4.8/../../../arm-none-eabi/lib/armv7-m/libc_nano.a(lib_a-wsetup.o) (_free_r)
/usr/lib/gcc/arm-none-eabi/4.8/../../../arm-none-eabi/lib/armv7-m/libc_nano.a(lib_a-nano-mallocr.o)
                              /usr/lib/gcc/arm-none-eabi/4.8/../../../arm-none-eabi/lib/armv7-m/libc_nano.a(lib_a-findfp.o) (_malloc_r)
/usr/lib/gcc/arm-none-eabi/4.8/../../../arm-none-eabi/lib/armv7-m/libc_nano.a(lib_a-sbrkr.o)
                              /usr/lib/gcc/arm-none-eabi/4.8/../../../arm-none-eabi/lib/armv7-m/libc_nano.a(lib_a-nano-mallocr.o) (_sbrk_r)
/usr/lib/gcc/arm-none-eabi/4.8/../../../arm-none-eabi/lib/armv7-m/libc_nano.a(lib_a-stdio.o)
                              /usr/lib/gcc/arm-none-eabi/4.8/../../../arm-none-eabi/lib/armv7-m/libc_nano.a(lib_a-findfp.o) (__sread)
/usr/lib/gcc/arm-none-eabi/4.8/../../../arm-none-eabi/lib/armv7-m/libc_nano.a(lib_a-writer.o)
                              /usr/lib/gcc/arm-none-eabi/4.8/../../../arm-none-eabi/lib/armv7-m/libc_nano.a(lib_a-stdio.o) (_write_r)
/usr/lib/gcc/arm-none-eabi/4.8/../../../arm-none-eabi/lib/armv7-m/libc_nano.a(lib_a-closer.o)
                              /usr/lib/gcc/arm-none-eabi/4.8/../../../arm-none-eabi/lib/armv7-m/libc_nano.a(lib_a-stdio.o) (_close_r)
/usr/lib/gcc/arm-none-eabi/4.8/../../../arm-none-eabi/lib/armv7-m/libc_nano.a(lib_a-fclose.o)
                              /usr/lib/gcc/arm-none-eabi/4.8/../../../arm-none-eabi/lib/armv7-m/libc_nano.a(lib_a-findfp.o) (_fclose_r)
[...]
Memory Configuration

Name             Origin             Length             Attributes
FLASH            0x08000000         0x00080000         xr
RAM              0x20000000         0x00010000         xrw
MEMORY_B1        0x60000000         0x00000000         xr
*default*        0x00000000         0xffffffff

Linker script and memory map

LOAD /usr/lib/gcc/arm-none-eabi/4.8/armv7-m/crti.o
LOAD /usr/lib/gcc/arm-none-eabi/4.8/armv7-m/crtbegin.o
LOAD /usr/lib/gcc/arm-none-eabi/4.8/../../../arm-none-eabi/lib/armv7-m/crt0.o
LOAD ./HARDWARE/led.o
LOAD ./HARDWARE/usart.o
LOAD ./USER/system_stm32f10x.o
LOAD ./USER/main.o
LOAD ./USER/stm32f10x_it.o
LOAD ./USER/CoIDE_startup.o
LOAD ./SYSTEM/sys.o
LOAD ./STM32F10x_FWLib/src/stm32f10x_usart.o
LOAD ./STM32F10x_FWLib/src/stm32f10x_fsmc.o
LOAD ./STM32F10x_FWLib/src/stm32f10x_can.o
LOAD ./STM32F10x_FWLib/src/stm32f10x_crc.o
LOAD ./STM32F10x_FWLib/src/stm32f10x_tim.o
LOAD ./STM32F10x_FWLib/src/stm32f10x_sdio.o
LOAD ./STM32F10x_FWLib/src/stm32f10x_spi.o
LOAD ./STM32F10x_FWLib/src/stm32f10x_dac.o
LOAD ./STM32F10x_FWLib/src/stm32f10x_adc.o
LOAD ./STM32F10x_FWLib/src/stm32f10x_gpio.o
LOAD ./STM32F10x_FWLib/src/misc.o
LOAD ./STM32F10x_FWLib/src/stm32f10x_wwdg.o
LOAD ./STM32F10x_FWLib/src/stm32f10x_dbgmcu.o
LOAD ./STM32F10x_FWLib/src/stm32f10x_rtc.o
LOAD ./STM32F10x_FWLib/src/stm32f10x_cec.o
LOAD ./STM32F10x_FWLib/src/stm32f10x_bkp.o
LOAD ./STM32F10x_FWLib/src/stm32f10x_dma.o
LOAD ./STM32F10x_FWLib/src/stm32f10x_i2c.o
LOAD ./STM32F10x_FWLib/src/stm32f10x_exti.o
LOAD ./STM32F10x_FWLib/src/stm32f10x_iwdg.o
LOAD ./STM32F10x_FWLib/src/stm32f10x_rcc.o
LOAD ./STM32F10x_FWLib/src/stm32f10x_flash.o
LOAD ./STM32F10x_FWLib/src/stm32f10x_pwr.o
START GROUP
LOAD /usr/lib/gcc/arm-none-eabi/4.8/../../../arm-none-eabi/lib/armv7-m/libc_nano.a
LOAD /usr/lib/gcc/arm-none-eabi/4.8/../../../arm-none-eabi/lib/armv7-m/libm.a
END GROUP
                0x00000080                malloc_getpagesize_P = 0x80
START GROUP
LOAD /usr/lib/gcc/arm-none-eabi/4.8/armv7-m/libgcc.a
LOAD /usr/lib/gcc/arm-none-eabi/4.8/../../../arm-none-eabi/lib/armv7-m/libc_nano.a
END GROUP
START GROUP
LOAD /usr/lib/gcc/arm-none-eabi/4.8/armv7-m/libgcc.a
LOAD /usr/lib/gcc/arm-none-eabi/4.8/../../../arm-none-eabi/lib/armv7-m/libc_nano.a
LOAD /usr/lib/gcc/arm-none-eabi/4.8/../../../arm-none-eabi/lib/armv7-m/libnosys.a
END GROUP
START GROUP
LOAD /usr/lib/gcc/arm-none-eabi/4.8/armv7-m/libgcc.a
LOAD /usr/lib/gcc/arm-none-eabi/4.8/../../../arm-none-eabi/lib/armv7-m/libc_nano.a
LOAD /usr/lib/gcc/arm-none-eabi/4.8/../../../arm-none-eabi/lib/armv7-m/libnosys.a
END GROUP
LOAD /usr/lib/gcc/arm-none-eabi/4.8/armv7-m/crtend.o
LOAD /usr/lib/gcc/arm-none-eabi/4.8/armv7-m/crtn.o
                0x20010000                _estack = 0x20010000
                0x00000000                _Min_Heap_Size = 0x0
                0x00000200                _Min_Stack_Size = 0x200

.isr_vector     0x08000000      0x134
                0x08000000                . = ALIGN (0x4)
 *(.isr_vector)
 .isr_vector    0x08000000      0x134 ./USER/CoIDE_startup.o
                0x08000000                g_pfnVectors
                0x08000134                . = ALIGN (0x4)

.text           0x08000134     0x2b44
                0x08000134                . = ALIGN (0x4)
 *(.text)
 .text          0x08000134       0xac /usr/lib/gcc/arm-none-eabi/4.8/armv7-m/crtbegin.o
 .text          0x080001e0       0x50 ./HARDWARE/led.o
                0x080001e0                LED_Init
 .text          0x08000230      0x198 ./HARDWARE/usart.o
                0x08000230                _sys_exit
                0x08000244                fputc
                0x08000278                uart_init
                0x0800031c                USART1_IRQHandler
 .text          0x080003c8      0x24c ./USER/system_stm32f10x.o
                0x080003c8                SystemInit
                0x08000430                SystemCoreClockUpdate
 .text          0x08000614      0x394 ./USER/main.o
                0x08000614                hardfault_handler
                0x0800061c                configure_tracing
                0x080006c8                configure_watchpoint
                0x08000704                ITM_Print
                0x0800076c                ITM_SendValue
                0x080007c4                bubble_sort
                0x08000858                delay
                0x0800087c                main
 .text          0x080009a8       0x5c ./USER/stm32f10x_it.o
                0x080009a8                NMI_Handler
                0x080009b4                HardFault_Handler
                0x080009bc                MemManage_Handler
                0x080009c4                BusFault_Handler
                0x080009cc                UsageFault_Handler
                0x080009d4                SVC_Handler
                0x080009e0                DebugMon_Handler
                0x080009ec                PendSV_Handler
                0x080009f8                SysTick_Handler
 .text          0x08000a04       0x64 ./USER/CoIDE_startup.o
                0x08000a04                Reset_Handler
                0x08000a04                Default_Reset_Handler
                0x08000a58                EXTI2_IRQHandler
                0x08000a58                TIM8_TRG_COM_IRQHandler
                0x08000a58                TIM8_CC_IRQHandler
                0x08000a58                TIM1_CC_IRQHandler
                0x08000a58                TIM6_IRQHandler
                0x08000a58                PVD_IRQHandler
                0x08000a58                SDIO_IRQHandler
                0x08000a58                EXTI3_IRQHandler
                0x08000a58                EXTI0_IRQHandler
                0x08000a58                I2C2_EV_IRQHandler
                0x08000a58                ADC1_2_IRQHandler
                0x08000a58                SPI1_IRQHandler
                0x08000a58                TAMPER_IRQHandler
                0x08000a58                TIM8_UP_IRQHandler
                0x08000a58                DMA2_Channel2_IRQHandler
                0x08000a58                DMA1_Channel4_IRQHandler
                0x08000a58                USART3_IRQHandler
                0x08000a58                RTC_IRQHandler
                0x08000a58                DMA1_Channel7_IRQHandler
                0x08000a58                CAN1_RX1_IRQHandler
                0x08000a58                UART5_IRQHandler
                0x08000a58                ADC3_IRQHandler
                0x08000a58                TIM4_IRQHandler
                0x08000a58                DMA2_Channel1_IRQHandler
                0x08000a58                I2C1_EV_IRQHandler
                0x08000a58                DMA1_Channel6_IRQHandler
                0x08000a58                UART4_IRQHandler
                0x08000a58                TIM3_IRQHandler
                0x08000a58                RCC_IRQHandler
                0x08000a58                TIM1_TRG_COM_IRQHandler
                0x08000a58                DMA1_Channel1_IRQHandler
                0x08000a58                EXTI15_10_IRQHandler
                0x08000a58                TIM7_IRQHandler
                0x08000a58                TIM5_IRQHandler
                0x08000a58                EXTI9_5_IRQHandler
                0x08000a58                SPI2_IRQHandler
                0x08000a58                DMA1_Channel5_IRQHandler
                0x08000a58                EXTI4_IRQHandler
                0x08000a58                USB_LP_CAN1_RX0_IRQHandler
                0x08000a58                USB_HP_CAN1_TX_IRQHandler
                0x08000a58                DMA1_Channel3_IRQHandler
                0x08000a58                FSMC_IRQHandler
                0x08000a58                TIM1_UP_IRQHandler
                0x08000a58                WWDG_IRQHandler
                0x08000a58                TIM2_IRQHandler
                0x08000a58                TIM1_BRK_IRQHandler
                0x08000a58                EXTI1_IRQHandler
                0x08000a58                RTCAlarm_IRQHandler
                0x08000a58                DMA2_Channel4_5_IRQHandler
                0x08000a58                USART2_IRQHandler
                0x08000a58                I2C2_ER_IRQHandler
                0x08000a58                DMA1_Channel2_IRQHandler
                0x08000a58                TIM8_BRK_IRQHandler
                0x08000a58                CAN1_SCE_IRQHandler
                0x08000a58                FLASH_IRQHandler
                0x08000a58                SPI3_IRQHandler
                0x08000a58                I2C1_ER_IRQHandler
                0x08000a58                USBWakeUp_IRQHandler
                0x08000a58                DMA2_Channel3_IRQHandler
 .text          0x08000a68      0x8fc ./STM32F10x_FWLib/src/stm32f10x_usart.o
                0x08000a68                USART_DeInit
                0x08000b20                USART_Init
                0x08000c94                USART_StructInit
                0x08000ccc                USART_ClockInit
                0x08000d20                USART_ClockStructInit
                0x08000d4c                USART_Cmd
                0x08000d8c                USART_ITConfig
                0x08000e1c                USART_DMACmd
                0x08000e64                USART_SetAddress
                0x08000e9c                USART_WakeUpConfig
                0x08000ed4                USART_ReceiverWakeUpCmd
                0x08000f14                USART_LINBreakDetectLengthConfig
                0x08000f4c                USART_LINCmd
                0x08000f8c                USART_SendData
                0x08000fb0                USART_ReceiveData
                0x08000fd0                USART_SendBreak
                0x08000ff4                USART_SetGuardTime
                0x08001030                USART_SetPrescaler
                0x08001068                USART_SmartCardCmd
                0x080010a8                USART_SmartCardNACKCmd
                0x080010e8                USART_HalfDuplexCmd
                0x08001128                USART_OverSampling8Cmd
                0x0800116c                USART_OneBitMethodCmd
                0x080011ac                USART_IrDAConfig
                0x080011e4                USART_IrDACmd
                0x08001224                USART_GetFlagStatus
                0x0800125c                USART_ClearFlag
                0x0800127c                USART_GetITStatus
                0x0800132c                USART_ClearITPendingBit
 .text          0x08001364      0x5e4 ./STM32F10x_FWLib/src/stm32f10x_gpio.o
                0x08001364                GPIO_DeInit
                0x08001448                GPIO_AFIODeInit
                0x08001460                GPIO_Init
                0x080015d8                GPIO_StructInit
                0x08001600                GPIO_ReadInputDataBit
                0x08001634                GPIO_ReadInputData
                0x08001650                GPIO_ReadOutputDataBit
                0x08001684                GPIO_ReadOutputData
                0x080016a0                GPIO_SetBits
                0x080016bc                GPIO_ResetBits
                0x080016d8                GPIO_WriteBit
                0x08001708                GPIO_Write
                0x08001724                GPIO_PinLockConfig
                0x08001768                GPIO_EventOutputConfig
                0x080017b0                GPIO_EventOutputCmd
                0x080017d0                GPIO_PinRemapConfig
                0x080018b0                GPIO_EXTILineConfig
                0x0800192c                GPIO_ETH_MediaInterfaceConfig
 .text          0x08001948      0x188 ./STM32F10x_FWLib/src/misc.o
                0x08001948                NVIC_PriorityGroupConfig
                0x0800196c                NVIC_Init
                0x08001a2c                NVIC_SetVectorTable
                0x08001a58                NVIC_SystemLPConfig
                0x08001a98                SysTick_CLKSourceConfig
 .text          0x08001ad0      0x7d8 ./STM32F10x_FWLib/src/stm32f10x_rcc.o
                0x08001ad0                RCC_DeInit
                0x08001b2c                RCC_HSEConfig
                0x08001b88                RCC_WaitForHSEStartUp
                0x08001bd8                RCC_AdjustHSICalibrationValue
                0x08001c14                RCC_HSICmd
                0x08001c34                RCC_PLLConfig
                0x08001c70                RCC_PLLCmd
                0x08001c90                RCC_SYSCLKConfig
                0x08001cc8                RCC_GetSYSCLKSource
                0x08001ce8                RCC_HCLKConfig
                0x08001d20                RCC_PCLK1Config
                0x08001d58                RCC_PCLK2Config
                0x08001d90                RCC_ITConfig
                0x08001dd8                RCC_USBCLKConfig
                0x08001df4                RCC_ADCCLKConfig
                0x08001e2c                RCC_LSEConfig
                0x08001e6c                RCC_LSICmd
                0x08001e8c                RCC_RTCCLKConfig
                0x08001eb0                RCC_RTCCLKCmd
                0x08001ed0                RCC_GetClocksFreq
                0x08002034                RCC_AHBPeriphClockCmd
                0x08002070                RCC_APB2PeriphClockCmd
                0x080020ac                RCC_APB1PeriphClockCmd
                0x080020e8                RCC_APB2PeriphResetCmd
                0x08002124                RCC_APB1PeriphResetCmd
                0x08002160                RCC_BackupResetCmd
                0x08002180                RCC_ClockSecuritySystemCmd
                0x080021a0                RCC_MCOConfig
                0x080021c0                RCC_GetFlagStatus
                0x08002234                RCC_ClearFlag
                0x08002250                RCC_GetITStatus
                0x08002288                RCC_ClearITPendingBit
 *(.text*)
 .text.memset   0x080022a8       0x10 /usr/lib/gcc/arm-none-eabi/4.8/../../../arm-none-eabi/lib/armv7-m/libc_nano.a(lib_a-memset.o)
                0x080022a8                memset
 .text._puts_r  0x080022b8       0xc0 /usr/lib/gcc/arm-none-eabi/4.8/../../../arm-none-eabi/lib/armv7-m/libc_nano.a(lib_a-puts.o)
                0x080022b8                _puts_r
 .text.puts     0x08002378       0x10 /usr/lib/gcc/arm-none-eabi/4.8/../../../arm-none-eabi/lib/armv7-m/libc_nano.a(lib_a-puts.o)
                0x08002378                puts
 .text.__swbuf_r
                0x08002388       0xa8 /usr/lib/gcc/arm-none-eabi/4.8/../../../arm-none-eabi/lib/armv7-m/libc_nano.a(lib_a-wbuf.o)
                0x08002388                __swbuf_r
 .text.__swsetup_r
                0x08002430       0xdc /usr/lib/gcc/arm-none-eabi/4.8/../../../arm-none-eabi/lib/armv7-m/libc_nano.a(lib_a-wsetup.o)
                0x08002430                __swsetup_r
 .text.__sflush_r
                0x0800250c      0x106 /usr/lib/gcc/arm-none-eabi/4.8/../../../arm-none-eabi/lib/armv7-m/libc_nano.a(lib_a-fflush.o)
                0x0800250c                __sflush_r
 *fill*         0x08002612        0x2 
 .text._fflush_r
                0x08002614       0x54 /usr/lib/gcc/arm-none-eabi/4.8/../../../arm-none-eabi/lib/armv7-m/libc_nano.a(lib_a-fflush.o)
                0x08002614                _fflush_r
 .text._cleanup_r
                0x08002668        0xc /usr/lib/gcc/arm-none-eabi/4.8/../../../arm-none-eabi/lib/armv7-m/libc_nano.a(lib_a-findfp.o)
                0x08002668                _cleanup_r
 .text.std.isra.0
                0x08002674       0x48 /usr/lib/gcc/arm-none-eabi/4.8/../../../arm-none-eabi/lib/armv7-m/libc_nano.a(lib_a-findfp.o)
 .text.__sfmoreglue
                0x080026bc       0x2c /usr/lib/gcc/arm-none-eabi/4.8/../../../arm-none-eabi/lib/armv7-m/libc_nano.a(lib_a-findfp.o)
                0x080026bc                __sfmoreglue
 .text.__sinit  0x080026e8       0x60 /usr/lib/gcc/arm-none-eabi/4.8/../../../arm-none-eabi/lib/armv7-m/libc_nano.a(lib_a-findfp.o)
                0x080026e8                __sinit
 .text.__sfp    0x08002748       0x74 /usr/lib/gcc/arm-none-eabi/4.8/../../../arm-none-eabi/lib/armv7-m/libc_nano.a(lib_a-findfp.o)
                0x08002748                __sfp
 .text.__sfp_lock_acquire
                0x080027bc        0x2 /usr/lib/gcc/arm-none-eabi/4.8/../../../arm-none-eabi/lib/armv7-m/libc_nano.a(lib_a-findfp.o)
                0x080027bc                __sfp_lock_acquire
 .text.__sfp_lock_release
                0x080027be        0x2 /usr/lib/gcc/arm-none-eabi/4.8/../../../arm-none-eabi/lib/armv7-m/libc_nano.a(lib_a-findfp.o)
                0x080027be                __sfp_lock_release
 .text._fwalk_reent
                0x080027c0       0x3c /usr/lib/gcc/arm-none-eabi/4.8/../../../arm-none-eabi/lib/armv7-m/libc_nano.a(lib_a-fwalk.o)
                0x080027c0                _fwalk_reent
 .text.__smakebuf_r
                0x080027fc       0x98 /usr/lib/gcc/arm-none-eabi/4.8/../../../arm-none-eabi/lib/armv7-m/libc_nano.a(lib_a-makebuf.o)
                0x080027fc                __smakebuf_r
 .text._free_r  0x08002894       0x88 /usr/lib/gcc/arm-none-eabi/4.8/../../../arm-none-eabi/lib/armv7-m/libc_nano.a(lib_a-nano-freer.o)
                0x08002894                _free_r
 .text._malloc_r
                0x0800291c       0xac /usr/lib/gcc/arm-none-eabi/4.8/../../../arm-none-eabi/lib/armv7-m/libc_nano.a(lib_a-nano-mallocr.o)
                0x0800291c                _malloc_r
 .text._sbrk_r  0x080029c8       0x20 /usr/lib/gcc/arm-none-eabi/4.8/../../../arm-none-eabi/lib/armv7-m/libc_nano.a(lib_a-sbrkr.o)
                0x080029c8                _sbrk_r
 .text.__sread  0x080029e8       0x22 /usr/lib/gcc/arm-none-eabi/4.8/../../../arm-none-eabi/lib/armv7-m/libc_nano.a(lib_a-stdio.o)
                0x080029e8                __sread
 .text.__swrite
                0x08002a0a       0x38 /usr/lib/gcc/arm-none-eabi/4.8/../../../arm-none-eabi/lib/armv7-m/libc_nano.a(lib_a-stdio.o)
                0x08002a0a                __swrite
 .text.__sseek  0x08002a42       0x24 /usr/lib/gcc/arm-none-eabi/4.8/../../../arm-none-eabi/lib/armv7-m/libc_nano.a(lib_a-stdio.o)
                0x08002a42                __sseek
 .text.__sclose
                0x08002a66        0x8 /usr/lib/gcc/arm-none-eabi/4.8/../../../arm-none-eabi/lib/armv7-m/libc_nano.a(lib_a-stdio.o)
                0x08002a66                __sclose
 *fill*         0x08002a6e        0x2 
 .text._write_r
                0x08002a70       0x24 /usr/lib/gcc/arm-none-eabi/4.8/../../../arm-none-eabi/lib/armv7-m/libc_nano.a(lib_a-writer.o)
                0x08002a70                _write_r
 .text._close_r
                0x08002a94       0x20 /usr/lib/gcc/arm-none-eabi/4.8/../../../arm-none-eabi/lib/armv7-m/libc_nano.a(lib_a-closer.o)
                0x08002a94                _close_r
 .text._fclose_r
                0x08002ab4       0xa4 /usr/lib/gcc/arm-none-eabi/4.8/../../../arm-none-eabi/lib/armv7-m/libc_nano.a(lib_a-fclose.o)
                0x08002ab4                _fclose_r
 .text._fstat_r
                0x08002b58       0x24 /usr/lib/gcc/arm-none-eabi/4.8/../../../arm-none-eabi/lib/armv7-m/libc_nano.a(lib_a-fstatr.o)
                0x08002b58                _fstat_r
 .text._isatty_r
                0x08002b7c       0x20 /usr/lib/gcc/arm-none-eabi/4.8/../../../arm-none-eabi/lib/armv7-m/libc_nano.a(lib_a-isattyr.o)
                0x08002b7c                _isatty_r
 .text._lseek_r
                0x08002b9c       0x24 /usr/lib/gcc/arm-none-eabi/4.8/../../../arm-none-eabi/lib/armv7-m/libc_nano.a(lib_a-lseekr.o)
                0x08002b9c                _lseek_r
 .text._read_r  0x08002bc0       0x24 /usr/lib/gcc/arm-none-eabi/4.8/../../../arm-none-eabi/lib/armv7-m/libc_nano.a(lib_a-readr.o)
                0x08002bc0                _read_r
 .text._close   0x08002be4       0x10 /usr/lib/gcc/arm-none-eabi/4.8/../../../arm-none-eabi/lib/armv7-m/libnosys.a(close.o)
                0x08002be4                _close
 .text._fstat   0x08002bf4       0x10 /usr/lib/gcc/arm-none-eabi/4.8/../../../arm-none-eabi/lib/armv7-m/libnosys.a(fstat.o)
                0x08002bf4                _fstat
 .text._isatty  0x08002c04       0x10 /usr/lib/gcc/arm-none-eabi/4.8/../../../arm-none-eabi/lib/armv7-m/libnosys.a(isatty.o)
                0x08002c04                _isatty
 .text._lseek   0x08002c14       0x10 /usr/lib/gcc/arm-none-eabi/4.8/../../../arm-none-eabi/lib/armv7-m/libnosys.a(lseek.o)
                0x08002c14                _lseek
 .text._read    0x08002c24       0x10 /usr/lib/gcc/arm-none-eabi/4.8/../../../arm-none-eabi/lib/armv7-m/libnosys.a(read.o)
                0x08002c24                _read
 .text._sbrk    0x08002c34       0x1c /usr/lib/gcc/arm-none-eabi/4.8/../../../arm-none-eabi/lib/armv7-m/libnosys.a(sbrk.o)
                0x08002c34                _sbrk
 .text._write   0x08002c50       0x10 /usr/lib/gcc/arm-none-eabi/4.8/../../../arm-none-eabi/lib/armv7-m/libnosys.a(write.o)
                0x08002c50                _write
 *(.glue_7)
 .glue_7        0x08002c60        0x0 linker stubs
 *(.glue_7t)
 .glue_7t       0x08002c60        0x0 linker stubs
 *(.eh_frame)
 .eh_frame      0x08002c60        0x0 /usr/lib/gcc/arm-none-eabi/4.8/armv7-m/crtbegin.o
 *(.init)
 .init          0x08002c60        0x4 /usr/lib/gcc/arm-none-eabi/4.8/armv7-m/crti.o
                0x08002c60                _init
 .init          0x08002c64        0x8 /usr/lib/gcc/arm-none-eabi/4.8/armv7-m/crtn.o
 *(.fini)
 .fini          0x08002c6c        0x4 /usr/lib/gcc/arm-none-eabi/4.8/armv7-m/crti.o
                0x08002c6c                _fini
 .fini          0x08002c70        0x8 /usr/lib/gcc/arm-none-eabi/4.8/armv7-m/crtn.o
                0x08002c78                . = ALIGN (0x4)
                0x08002c78                _etext = .

.vfp11_veneer   0x08002c78        0x0
 .vfp11_veneer  0x08002c78        0x0 linker stubs

.v4_bx          0x08002c78        0x0
 .v4_bx         0x08002c78        0x0 linker stubs

.iplt           0x08002c78        0x0
 .iplt          0x08002c78        0x0 /usr/lib/gcc/arm-none-eabi/4.8/armv7-m/crtbegin.o

.rodata         0x08002c78       0xa8
                0x08002c78                . = ALIGN (0x4)
 *(.rodata)
 .rodata        0x08002c78       0x40 ./USER/main.o
 *(.rodata*)
 .rodata.str1.1
                0x08002cb8        0x2 /usr/lib/gcc/arm-none-eabi/4.8/../../../arm-none-eabi/lib/armv7-m/libc_nano.a(lib_a-impure.o)
 *fill*         0x08002cba        0x2 
 .rodata._global_impure_ptr
                0x08002cbc        0x4 /usr/lib/gcc/arm-none-eabi/4.8/../../../arm-none-eabi/lib/armv7-m/libc_nano.a(lib_a-impure.o)
                0x08002cbc                _global_impure_ptr
 .rodata.__sf_fake_stdin
                0x08002cc0       0x20 /usr/lib/gcc/arm-none-eabi/4.8/../../../arm-none-eabi/lib/armv7-m/libc_nano.a(lib_a-findfp.o)
                0x08002cc0                __sf_fake_stdin
 .rodata.__sf_fake_stdout
                0x08002ce0       0x20 /usr/lib/gcc/arm-none-eabi/4.8/../../../arm-none-eabi/lib/armv7-m/libc_nano.a(lib_a-findfp.o)
                0x08002ce0                __sf_fake_stdout
 .rodata.__sf_fake_stderr
                0x08002d00       0x20 /usr/lib/gcc/arm-none-eabi/4.8/../../../arm-none-eabi/lib/armv7-m/libc_nano.a(lib_a-findfp.o)
                0x08002d00                __sf_fake_stderr
                0x08002d20                . = ALIGN (0x4)

.rel.dyn        0x08002d20        0x0
 .rel.iplt      0x08002d20        0x0 /usr/lib/gcc/arm-none-eabi/4.8/armv7-m/crtbegin.o

.ARM.extab
 *(.ARM.extab* .gnu.linkonce.armextab.*)

.ARM            0x08002d20        0x0
                0x08002d20                __exidx_start = .
 *(.ARM.exidx*)
                0x08002d20                __exidx_end = .

.preinit_array  0x08002d20        0x0
                0x08002d20                PROVIDE (__preinit_array_start, .)
 *(.preinit_array*)
                0x08002d20                PROVIDE (__preinit_array_end, .)

.init_array     0x08002d20        0x4
                0x08002d20                PROVIDE (__init_array_start, .)
 *(SORT(.init_array.*))
 *(.init_array*)
 .init_array    0x08002d20        0x4 /usr/lib/gcc/arm-none-eabi/4.8/armv7-m/crtbegin.o
                0x08002d24                PROVIDE (__init_array_end, .)

.fini_array     0x08002d24        0x4
                0x08002d24                PROVIDE (__fini_array_start, .)
 *(SORT(.fini_array.*))
 *(.fini_array*)
 .fini_array    0x08002d24        0x4 /usr/lib/gcc/arm-none-eabi/4.8/armv7-m/crtbegin.o
                0x08002d28                PROVIDE (__fini_array_end, .)
                0x08002d28                _sidata = LOADADDR (.data)

.data           0x20000000       0x8c load address 0x08002d28
                0x20000000                . = ALIGN (0x4)
                0x20000000                _sdata = .
 *(.data)
 .data          0x20000000       0x14 ./USER/system_stm32f10x.o
                0x20000000                SystemCoreClock
                0x20000004                AHBPrescTable
 .data          0x20000014       0x14 ./STM32F10x_FWLib/src/stm32f10x_rcc.o
 *(.data*)
 .data.impure_data
                0x20000028       0x60 /usr/lib/gcc/arm-none-eabi/4.8/../../../arm-none-eabi/lib/armv7-m/libc_nano.a(lib_a-impure.o)
 .data._impure_ptr
                0x20000088        0x4 /usr/lib/gcc/arm-none-eabi/4.8/../../../arm-none-eabi/lib/armv7-m/libc_nano.a(lib_a-impure.o)
                0x20000088                _impure_ptr
                0x2000008c                . = ALIGN (0x4)
                0x2000008c                _edata = .

.jcr            0x2000008c        0x0 load address 0x08002db4
 .jcr           0x2000008c        0x0 /usr/lib/gcc/arm-none-eabi/4.8/armv7-m/crtbegin.o

.tm_clone_table
                0x2000008c        0x0 load address 0x08002db4
 .tm_clone_table
                0x2000008c        0x0 /usr/lib/gcc/arm-none-eabi/4.8/armv7-m/crtbegin.o
 .tm_clone_table
                0x2000008c        0x0 /usr/lib/gcc/arm-none-eabi/4.8/armv7-m/crtend.o

.igot.plt       0x2000008c        0x0 load address 0x08002db4
 .igot.plt      0x2000008c        0x0 /usr/lib/gcc/arm-none-eabi/4.8/armv7-m/crtbegin.o

.co_stack       0x2000008c      0x400 load address 0x08002db4
 .co_stack      0x2000008c      0x400 ./USER/CoIDE_startup.o
                0x2000008c                pulStack
                0x2000048c                . = ALIGN (0x4)

.bss            0x2000048c      0x174 load address 0x080031b4
                0x2000048c                _sbss = .
                0x2000048c                __bss_start__ = _sbss
 *(.bss)
 .bss           0x2000048c       0x1c /usr/lib/gcc/arm-none-eabi/4.8/armv7-m/crtbegin.o
 .bss           0x200004a8        0x2 ./HARDWARE/usart.o
                0x200004a8                USART_RX_STA
 *(.bss*)
 *fill*         0x200004aa        0x2 
 .bss.__malloc_sbrk_start
                0x200004ac        0x4 /usr/lib/gcc/arm-none-eabi/4.8/../../../arm-none-eabi/lib/armv7-m/libc_nano.a(lib_a-nano-mallocr.o)
                0x200004ac                __malloc_sbrk_start
 .bss.__malloc_free_list
                0x200004b0        0x4 /usr/lib/gcc/arm-none-eabi/4.8/../../../arm-none-eabi/lib/armv7-m/libc_nano.a(lib_a-nano-mallocr.o)
                0x200004b0                __malloc_free_list
 .bss.heap_end.4064
                0x200004b4        0x4 /usr/lib/gcc/arm-none-eabi/4.8/../../../arm-none-eabi/lib/armv7-m/libnosys.a(sbrk.o)
 *(COMMON)
 COMMON         0x200004b8      0x130 ./HARDWARE/usart.o
                0x200004b8                USART_RX_BUF
                0x20000580                __stdout
 COMMON         0x200005e8       0x14 ./USER/main.o
                0x200005e8                b
                0x200005ec                c
                0x200005f0                d
                0x200005f4                a
                0x200005f8                globalCounter
 COMMON         0x200005fc        0x4 /usr/lib/gcc/arm-none-eabi/4.8/../../../arm-none-eabi/lib/armv7-m/libc_nano.a(lib_a-reent.o)
                0x200005fc                errno
                0x20000600                . = ALIGN (0x4)
                0x20000600                _ebss = .
                0x20000600                __bss_end__ = _ebss

._user_heap_stack
                0x20000600      0x200 load address 0x080031b4
                0x20000600                . = ALIGN (0x4)
                0x20000600                PROVIDE (end, .)
                0x20000600                PROVIDE (_end, .)
                0x20000600                . = (. + _Min_Heap_Size)
                0x20000800                . = (. + _Min_Stack_Size)
 *fill*         0x20000600      0x200 
                0x20000800                . = ALIGN (0x4)

.memory_b1_text
 *(.mb1text)
 *(.mb1text*)
 *(.mb1rodata)
 *(.mb1rodata*)

/DISCARD/
 libc.a(*)
 libm.a(*)
 libgcc.a(*)

.ARM.attributes
                0x00000000       0x29
 *(.ARM.attributes)
 .ARM.attributes
                0x00000000       0x1d /usr/lib/gcc/arm-none-eabi/4.8/armv7-m/crti.o
 .ARM.attributes
                0x0000001d       0x2d /usr/lib/gcc/arm-none-eabi/4.8/armv7-m/crtbegin.o
 .ARM.attributes
                0x0000004a       0x33 ./HARDWARE/led.o
 .ARM.attributes
                0x0000007d       0x33 ./HARDWARE/usart.o
 .ARM.attributes
                0x000000b0       0x33 ./USER/system_stm32f10x.o
 .ARM.attributes
                0x000000e3       0x33 ./USER/main.o
 .ARM.attributes
                0x00000116       0x33 ./USER/stm32f10x_it.o
 .ARM.attributes
                0x00000149       0x33 ./USER/CoIDE_startup.o
 .ARM.attributes
                0x0000017c       0x33 ./STM32F10x_FWLib/src/stm32f10x_usart.o
 .ARM.attributes
                0x000001af       0x33 ./STM32F10x_FWLib/src/stm32f10x_gpio.o
 .ARM.attributes
                0x000001e2       0x33 ./STM32F10x_FWLib/src/misc.o
 .ARM.attributes
                0x00000215       0x33 ./STM32F10x_FWLib/src/stm32f10x_rcc.o
 .ARM.attributes
                0x00000248       0x2d /usr/lib/gcc/arm-none-eabi/4.8/../../../arm-none-eabi/lib/armv7-m/libc_nano.a(lib_a-impure.o)
 .ARM.attributes
                0x00000275       0x2d /usr/lib/gcc/arm-none-eabi/4.8/../../../arm-none-eabi/lib/armv7-m/libc_nano.a(lib_a-memset.o)
 .ARM.attributes
                0x000002a2       0x2d /usr/lib/gcc/arm-none-eabi/4.8/../../../arm-none-eabi/lib/armv7-m/libc_nano.a(lib_a-puts.o)
 .ARM.attributes
                0x000002cf       0x2d /usr/lib/gcc/arm-none-eabi/4.8/../../../arm-none-eabi/lib/armv7-m/libc_nano.a(lib_a-wbuf.o)
 .ARM.attributes
                0x000002fc       0x2d /usr/lib/gcc/arm-none-eabi/4.8/../../../arm-none-eabi/lib/armv7-m/libc_nano.a(lib_a-wsetup.o)
 .ARM.attributes
                0x00000329       0x2d /usr/lib/gcc/arm-none-eabi/4.8/../../../arm-none-eabi/lib/armv7-m/libc_nano.a(lib_a-fflush.o)
 .ARM.attributes
                0x00000356       0x2d /usr/lib/gcc/arm-none-eabi/4.8/../../../arm-none-eabi/lib/armv7-m/libc_nano.a(lib_a-findfp.o)
 .ARM.attributes
                0x00000383       0x2d /usr/lib/gcc/arm-none-eabi/4.8/../../../arm-none-eabi/lib/armv7-m/libc_nano.a(lib_a-fwalk.o)
 .ARM.attributes
                0x000003b0       0x2d /usr/lib/gcc/arm-none-eabi/4.8/../../../arm-none-eabi/lib/armv7-m/libc_nano.a(lib_a-makebuf.o)
 .ARM.attributes
                0x000003dd       0x2d /usr/lib/gcc/arm-none-eabi/4.8/../../../arm-none-eabi/lib/armv7-m/libc_nano.a(lib_a-nano-freer.o)
 .ARM.attributes
                0x0000040a       0x2d /usr/lib/gcc/arm-none-eabi/4.8/../../../arm-none-eabi/lib/armv7-m/libc_nano.a(lib_a-nano-mallocr.o)
 .ARM.attributes
                0x00000437       0x2d /usr/lib/gcc/arm-none-eabi/4.8/../../../arm-none-eabi/lib/armv7-m/libc_nano.a(lib_a-sbrkr.o)
 .ARM.attributes
                0x00000464       0x2d /usr/lib/gcc/arm-none-eabi/4.8/../../../arm-none-eabi/lib/armv7-m/libc_nano.a(lib_a-stdio.o)
 .ARM.attributes
                0x00000491       0x2d /usr/lib/gcc/arm-none-eabi/4.8/../../../arm-none-eabi/lib/armv7-m/libc_nano.a(lib_a-writer.o)
 .ARM.attributes
                0x000004be       0x2d /usr/lib/gcc/arm-none-eabi/4.8/../../../arm-none-eabi/lib/armv7-m/libc_nano.a(lib_a-closer.o)
 .ARM.attributes
                0x000004eb       0x2d /usr/lib/gcc/arm-none-eabi/4.8/../../../arm-none-eabi/lib/armv7-m/libc_nano.a(lib_a-fclose.o)
 .ARM.attributes
                0x00000518       0x2d /usr/lib/gcc/arm-none-eabi/4.8/../../../arm-none-eabi/lib/armv7-m/libc_nano.a(lib_a-fstatr.o)
 .ARM.attributes
                0x00000545       0x2d /usr/lib/gcc/arm-none-eabi/4.8/../../../arm-none-eabi/lib/armv7-m/libc_nano.a(lib_a-isattyr.o)
 .ARM.attributes
                0x00000572       0x2d /usr/lib/gcc/arm-none-eabi/4.8/../../../arm-none-eabi/lib/armv7-m/libc_nano.a(lib_a-lseekr.o)
 .ARM.attributes
                0x0000059f       0x2d /usr/lib/gcc/arm-none-eabi/4.8/../../../arm-none-eabi/lib/armv7-m/libc_nano.a(lib_a-readr.o)
 .ARM.attributes
                0x000005cc       0x2d /usr/lib/gcc/arm-none-eabi/4.8/../../../arm-none-eabi/lib/armv7-m/libc_nano.a(lib_a-reent.o)
 .ARM.attributes
                0x000005f9       0x2d /usr/lib/gcc/arm-none-eabi/4.8/../../../arm-none-eabi/lib/armv7-m/libnosys.a(close.o)
 .ARM.attributes
                0x00000626       0x2d /usr/lib/gcc/arm-none-eabi/4.8/../../../arm-none-eabi/lib/armv7-m/libnosys.a(fstat.o)
 .ARM.attributes
                0x00000653       0x2d /usr/lib/gcc/arm-none-eabi/4.8/../../../arm-none-eabi/lib/armv7-m/libnosys.a(isatty.o)
 .ARM.attributes
                0x00000680       0x2d /usr/lib/gcc/arm-none-eabi/4.8/../../../arm-none-eabi/lib/armv7-m/libnosys.a(lseek.o)
 .ARM.attributes
                0x000006ad       0x2d /usr/lib/gcc/arm-none-eabi/4.8/../../../arm-none-eabi/lib/armv7-m/libnosys.a(read.o)
 .ARM.attributes
                0x000006da       0x2d /usr/lib/gcc/arm-none-eabi/4.8/../../../arm-none-eabi/lib/armv7-m/libnosys.a(sbrk.o)
 .ARM.attributes
                0x00000707       0x2d /usr/lib/gcc/arm-none-eabi/4.8/../../../arm-none-eabi/lib/armv7-m/libnosys.a(write.o)
 .ARM.attributes
                0x00000734       0x2d /usr/lib/gcc/arm-none-eabi/4.8/armv7-m/crtend.o
 .ARM.attributes
                0x00000761       0x1d /usr/lib/gcc/arm-none-eabi/4.8/armv7-m/crtn.o
OUTPUT(LED_project.elf elf32-littlearm)

.comment        0x00000000       0x58
 .comment       0x00000000       0x2d /usr/lib/gcc/arm-none-eabi/4.8/armv7-m/crtbegin.o
                                 0x2e (size before relaxing)
 .comment       0x0000002d       0x2e ./HARDWARE/led.o
 .comment       0x0000002d       0x2e ./HARDWARE/usart.o
 .comment       0x0000002d       0x2e ./USER/system_stm32f10x.o
 .comment       0x0000002d       0x2e ./USER/main.o
 .comment       0x0000002d       0x2e ./USER/stm32f10x_it.o
 .comment       0x0000002d       0x2e ./USER/CoIDE_startup.o
 .comment       0x0000002d       0x2e ./STM32F10x_FWLib/src/stm32f10x_usart.o
 .comment       0x0000002d       0x2e ./STM32F10x_FWLib/src/stm32f10x_gpio.o
 .comment       0x0000002d       0x2e ./STM32F10x_FWLib/src/misc.o
 .comment       0x0000002d       0x2e ./STM32F10x_FWLib/src/stm32f10x_rcc.o
 .comment       0x0000002d       0x2b /usr/lib/gcc/arm-none-eabi/4.8/../../../arm-none-eabi/lib/armv7-m/libc_nano.a(lib_a-impure.o)
                                 0x2c (size before relaxing)
 .comment       0x00000058       0x2c /usr/lib/gcc/arm-none-eabi/4.8/../../../arm-none-eabi/lib/armv7-m/libc_nano.a(lib_a-memset.o)
 .comment       0x00000058       0x2c /usr/lib/gcc/arm-none-eabi/4.8/../../../arm-none-eabi/lib/armv7-m/libc_nano.a(lib_a-puts.o)
 .comment       0x00000058       0x2c /usr/lib/gcc/arm-none-eabi/4.8/../../../arm-none-eabi/lib/armv7-m/libc_nano.a(lib_a-wbuf.o)
 .comment       0x00000058       0x2c /usr/lib/gcc/arm-none-eabi/4.8/../../../arm-none-eabi/lib/armv7-m/libc_nano.a(lib_a-wsetup.o)
 .comment       0x00000058       0x2c /usr/lib/gcc/arm-none-eabi/4.8/../../../arm-none-eabi/lib/armv7-m/libc_nano.a(lib_a-fflush.o)
 .comment       0x00000058       0x2c /usr/lib/gcc/arm-none-eabi/4.8/../../../arm-none-eabi/lib/armv7-m/libc_nano.a(lib_a-findfp.o)
 .comment       0x00000058       0x2c /usr/lib/gcc/arm-none-eabi/4.8/../../../arm-none-eabi/lib/armv7-m/libc_nano.a(lib_a-fwalk.o)
 .comment       0x00000058       0x2c /usr/lib/gcc/arm-none-eabi/4.8/../../../arm-none-eabi/lib/armv7-m/libc_nano.a(lib_a-makebuf.o)
 .comment       0x00000058       0x2c /usr/lib/gcc/arm-none-eabi/4.8/../../../arm-none-eabi/lib/armv7-m/libc_nano.a(lib_a-nano-freer.o)
 .comment       0x00000058       0x2c /usr/lib/gcc/arm-none-eabi/4.8/../../../arm-none-eabi/lib/armv7-m/libc_nano.a(lib_a-nano-mallocr.o)
 .comment       0x00000058       0x2c /usr/lib/gcc/arm-none-eabi/4.8/../../../arm-none-eabi/lib/armv7-m/libc_nano.a(lib_a-sbrkr.o)
 .comment       0x00000058       0x2c /usr/lib/gcc/arm-none-eabi/4.8/../../../arm-none-eabi/lib/armv7-m/libc_nano.a(lib_a-stdio.o)
 .comment       0x00000058       0x2c /usr/lib/gcc/arm-none-eabi/4.8/../../../arm-none-eabi/lib/armv7-m/libc_nano.a(lib_a-writer.o)
 .comment       0x00000058       0x2c /usr/lib/gcc/arm-none-eabi/4.8/../../../arm-none-eabi/lib/armv7-m/libc_nano.a(lib_a-closer.o)
 .comment       0x00000058       0x2c /usr/lib/gcc/arm-none-eabi/4.8/../../../arm-none-eabi/lib/armv7-m/libc_nano.a(lib_a-fclose.o)
 .comment       0x00000058       0x2c /usr/lib/gcc/arm-none-eabi/4.8/../../../arm-none-eabi/lib/armv7-m/libc_nano.a(lib_a-fstatr.o)
 .comment       0x00000058       0x2c /usr/lib/gcc/arm-none-eabi/4.8/../../../arm-none-eabi/lib/armv7-m/libc_nano.a(lib_a-isattyr.o)
 .comment       0x00000058       0x2c /usr/lib/gcc/arm-none-eabi/4.8/../../../arm-none-eabi/lib/armv7-m/libc_nano.a(lib_a-lseekr.o)
 .comment       0x00000058       0x2c /usr/lib/gcc/arm-none-eabi/4.8/../../../arm-none-eabi/lib/armv7-m/libc_nano.a(lib_a-readr.o)
 .comment       0x00000058       0x2c /usr/lib/gcc/arm-none-eabi/4.8/../../../arm-none-eabi/lib/armv7-m/libc_nano.a(lib_a-reent.o)
 .comment       0x00000058       0x2c /usr/lib/gcc/arm-none-eabi/4.8/../../../arm-none-eabi/lib/armv7-m/libnosys.a(close.o)
 .comment       0x00000058       0x2c /usr/lib/gcc/arm-none-eabi/4.8/../../../arm-none-eabi/lib/armv7-m/libnosys.a(fstat.o)
 .comment       0x00000058       0x2c /usr/lib/gcc/arm-none-eabi/4.8/../../../arm-none-eabi/lib/armv7-m/libnosys.a(isatty.o)
 .comment       0x00000058       0x2c /usr/lib/gcc/arm-none-eabi/4.8/../../../arm-none-eabi/lib/armv7-m/libnosys.a(lseek.o)
 .comment       0x00000058       0x2c /usr/lib/gcc/arm-none-eabi/4.8/../../../arm-none-eabi/lib/armv7-m/libnosys.a(read.o)
 .comment       0x00000058       0x2c /usr/lib/gcc/arm-none-eabi/4.8/../../../arm-none-eabi/lib/armv7-m/libnosys.a(sbrk.o)
 .comment       0x00000058       0x2c /usr/lib/gcc/arm-none-eabi/4.8/../../../arm-none-eabi/lib/armv7-m/libnosys.a(write.o)
 .comment       0x00000058       0x2e /usr/lib/gcc/arm-none-eabi/4.8/armv7-m/crtend.o

.debug_info     0x00000000     0xf640
 .debug_info    0x00000000      0x219 ./HARDWARE/led.o
 .debug_info    0x00000219      0xe79 ./HARDWARE/usart.o
 .debug_info    0x00001092      0x47d ./USER/system_stm32f10x.o
 .debug_info    0x0000150f      0x9ac ./USER/main.o
 .debug_info    0x00001ebb      0x133 ./USER/stm32f10x_it.o
 .debug_info    0x00001fee       0xed ./USER/CoIDE_startup.o
 .debug_info    0x000020db      0x9ec ./STM32F10x_FWLib/src/stm32f10x_usart.o
 .debug_info    0x00002ac7      0x6eb ./STM32F10x_FWLib/src/stm32f10x_gpio.o
 .debug_info    0x000031b2      0x541 ./STM32F10x_FWLib/src/misc.o
 .debug_info    0x000036f3      0x891 ./STM32F10x_FWLib/src/stm32f10x_rcc.o
 .debug_info    0x00003f84      0x7d3 /usr/lib/gcc/arm-none-eabi/4.8/../../../arm-none-eabi/lib/armv7-m/libc_nano.a(lib_a-impure.o)
 .debug_info    0x00004757       0xd3 /usr/lib/gcc/arm-none-eabi/4.8/../../../arm-none-eabi/lib/armv7-m/libc_nano.a(lib_a-memset.o)
 .debug_info    0x0000482a      0x866 /usr/lib/gcc/arm-none-eabi/4.8/../../../arm-none-eabi/lib/armv7-m/libc_nano.a(lib_a-puts.o)
 .debug_info    0x00005090      0x916 /usr/lib/gcc/arm-none-eabi/4.8/../../../arm-none-eabi/lib/armv7-m/libc_nano.a(lib_a-wbuf.o)
 .debug_info    0x000059a6      0x881 /usr/lib/gcc/arm-none-eabi/4.8/../../../arm-none-eabi/lib/armv7-m/libc_nano.a(lib_a-wsetup.o)
 .debug_info    0x00006227      0x9fe /usr/lib/gcc/arm-none-eabi/4.8/../../../arm-none-eabi/lib/armv7-m/libc_nano.a(lib_a-fflush.o)
 .debug_info    0x00006c25      0xd2c /usr/lib/gcc/arm-none-eabi/4.8/../../../arm-none-eabi/lib/armv7-m/libc_nano.a(lib_a-findfp.o)
 .debug_info    0x00007951      0x846 /usr/lib/gcc/arm-none-eabi/4.8/../../../arm-none-eabi/lib/armv7-m/libc_nano.a(lib_a-fwalk.o)
 .debug_info    0x00008197      0x98c /usr/lib/gcc/arm-none-eabi/4.8/../../../arm-none-eabi/lib/armv7-m/libc_nano.a(lib_a-makebuf.o)
 .debug_info    0x00008b23      0x81a /usr/lib/gcc/arm-none-eabi/4.8/../../../arm-none-eabi/lib/armv7-m/libc_nano.a(lib_a-nano-freer.o)
 .debug_info    0x0000933d      0x8fb /usr/lib/gcc/arm-none-eabi/4.8/../../../arm-none-eabi/lib/armv7-m/libc_nano.a(lib_a-nano-mallocr.o)
 .debug_info    0x00009c38      0x7a0 /usr/lib/gcc/arm-none-eabi/4.8/../../../arm-none-eabi/lib/armv7-m/libc_nano.a(lib_a-sbrkr.o)
 .debug_info    0x0000a3d8      0xa36 /usr/lib/gcc/arm-none-eabi/4.8/../../../arm-none-eabi/lib/armv7-m/libc_nano.a(lib_a-stdio.o)
 .debug_info    0x0000ae0e      0x7d5 /usr/lib/gcc/arm-none-eabi/4.8/../../../arm-none-eabi/lib/armv7-m/libc_nano.a(lib_a-writer.o)
 .debug_info    0x0000b5e3      0x78c /usr/lib/gcc/arm-none-eabi/4.8/../../../arm-none-eabi/lib/armv7-m/libc_nano.a(lib_a-closer.o)
 .debug_info    0x0000bd6f      0x932 /usr/lib/gcc/arm-none-eabi/4.8/../../../arm-none-eabi/lib/armv7-m/libc_nano.a(lib_a-fclose.o)
 .debug_info    0x0000c6a1      0x90a /usr/lib/gcc/arm-none-eabi/4.8/../../../arm-none-eabi/lib/armv7-m/libc_nano.a(lib_a-fstatr.o)
 .debug_info    0x0000cfab      0x78c /usr/lib/gcc/arm-none-eabi/4.8/../../../arm-none-eabi/lib/armv7-m/libc_nano.a(lib_a-isattyr.o)
 .debug_info    0x0000d737      0x7b8 /usr/lib/gcc/arm-none-eabi/4.8/../../../arm-none-eabi/lib/armv7-m/libc_nano.a(lib_a-lseekr.o)
 .debug_info    0x0000deef      0x7ce /usr/lib/gcc/arm-none-eabi/4.8/../../../arm-none-eabi/lib/armv7-m/libc_nano.a(lib_a-readr.o)
 .debug_info    0x0000e6bd      0x8f7 /usr/lib/gcc/arm-none-eabi/4.8/../../../arm-none-eabi/lib/armv7-m/libc_nano.a(lib_a-reent.o)
 .debug_info    0x0000efb4       0xae /usr/lib/gcc/arm-none-eabi/4.8/../../../arm-none-eabi/lib/armv7-m/libnosys.a(close.o)
 .debug_info    0x0000f062      0x22d /usr/lib/gcc/arm-none-eabi/4.8/../../../arm-none-eabi/lib/armv7-m/libnosys.a(fstat.o)
 .debug_info    0x0000f28f       0xae /usr/lib/gcc/arm-none-eabi/4.8/../../../arm-none-eabi/lib/armv7-m/libnosys.a(isatty.o)
 .debug_info    0x0000f33d       0xca /usr/lib/gcc/arm-none-eabi/4.8/../../../arm-none-eabi/lib/armv7-m/libnosys.a(lseek.o)
 .debug_info    0x0000f407       0xd0 /usr/lib/gcc/arm-none-eabi/4.8/../../../arm-none-eabi/lib/armv7-m/libnosys.a(read.o)
 .debug_info    0x0000f4d7       0x99 /usr/lib/gcc/arm-none-eabi/4.8/../../../arm-none-eabi/lib/armv7-m/libnosys.a(sbrk.o)
 .debug_info    0x0000f570       0xd0 /usr/lib/gcc/arm-none-eabi/4.8/../../../arm-none-eabi/lib/armv7-m/libnosys.a(write.o)

.debug_abbrev   0x00000000     0x3620
 .debug_abbrev  0x00000000       0xef ./HARDWARE/led.o
 .debug_abbrev  0x000000ef      0x256 ./HARDWARE/usart.o
 .debug_abbrev  0x00000345      0x14e ./USER/system_stm32f10x.o
 .debug_abbrev  0x00000493      0x1c2 ./USER/main.o
 .debug_abbrev  0x00000655       0x67 ./USER/stm32f10x_it.o
 .debug_abbrev  0x000006bc       0xa9 ./USER/CoIDE_startup.o
 .debug_abbrev  0x00000765      0x164 ./STM32F10x_FWLib/src/stm32f10x_usart.o
 .debug_abbrev  0x000008c9      0x1ca ./STM32F10x_FWLib/src/stm32f10x_gpio.o
 .debug_abbrev  0x00000a93      0x147 ./STM32F10x_FWLib/src/misc.o
 .debug_abbrev  0x00000bda      0x1bc ./STM32F10x_FWLib/src/stm32f10x_rcc.o
 .debug_abbrev  0x00000d96      0x136 /usr/lib/gcc/arm-none-eabi/4.8/../../../arm-none-eabi/lib/armv7-m/libc_nano.a(lib_a-impure.o)
 .debug_abbrev  0x00000ecc       0x8e /usr/lib/gcc/arm-none-eabi/4.8/../../../arm-none-eabi/lib/armv7-m/libc_nano.a(lib_a-memset.o)
 .debug_abbrev  0x00000f5a      0x208 /usr/lib/gcc/arm-none-eabi/4.8/../../../arm-none-eabi/lib/armv7-m/libc_nano.a(lib_a-puts.o)
 .debug_abbrev  0x00001162      0x1f7 /usr/lib/gcc/arm-none-eabi/4.8/../../../arm-none-eabi/lib/armv7-m/libc_nano.a(lib_a-wbuf.o)
 .debug_abbrev  0x00001359      0x1a5 /usr/lib/gcc/arm-none-eabi/4.8/../../../arm-none-eabi/lib/armv7-m/libc_nano.a(lib_a-wsetup.o)
 .debug_abbrev  0x000014fe      0x23f /usr/lib/gcc/arm-none-eabi/4.8/../../../arm-none-eabi/lib/armv7-m/libc_nano.a(lib_a-fflush.o)
 .debug_abbrev  0x0000173d      0x2d7 /usr/lib/gcc/arm-none-eabi/4.8/../../../arm-none-eabi/lib/armv7-m/libc_nano.a(lib_a-findfp.o)
 .debug_abbrev  0x00001a14      0x176 /usr/lib/gcc/arm-none-eabi/4.8/../../../arm-none-eabi/lib/armv7-m/libc_nano.a(lib_a-fwalk.o)
 .debug_abbrev  0x00001b8a      0x1ab /usr/lib/gcc/arm-none-eabi/4.8/../../../arm-none-eabi/lib/armv7-m/libc_nano.a(lib_a-makebuf.o)
 .debug_abbrev  0x00001d35      0x1b6 /usr/lib/gcc/arm-none-eabi/4.8/../../../arm-none-eabi/lib/armv7-m/libc_nano.a(lib_a-nano-freer.o)
 .debug_abbrev  0x00001eeb      0x250 /usr/lib/gcc/arm-none-eabi/4.8/../../../arm-none-eabi/lib/armv7-m/libc_nano.a(lib_a-nano-mallocr.o)
 .debug_abbrev  0x0000213b      0x1a2 /usr/lib/gcc/arm-none-eabi/4.8/../../../arm-none-eabi/lib/armv7-m/libc_nano.a(lib_a-sbrkr.o)
 .debug_abbrev  0x000022dd      0x1eb /usr/lib/gcc/arm-none-eabi/4.8/../../../arm-none-eabi/lib/armv7-m/libc_nano.a(lib_a-stdio.o)
 .debug_abbrev  0x000024c8      0x199 /usr/lib/gcc/arm-none-eabi/4.8/../../../arm-none-eabi/lib/armv7-m/libc_nano.a(lib_a-writer.o)
 .debug_abbrev  0x00002661      0x194 /usr/lib/gcc/arm-none-eabi/4.8/../../../arm-none-eabi/lib/armv7-m/libc_nano.a(lib_a-closer.o)
 .debug_abbrev  0x000027f5      0x21a /usr/lib/gcc/arm-none-eabi/4.8/../../../arm-none-eabi/lib/armv7-m/libc_nano.a(lib_a-fclose.o)
 .debug_abbrev  0x00002a0f      0x1a3 /usr/lib/gcc/arm-none-eabi/4.8/../../../arm-none-eabi/lib/armv7-m/libc_nano.a(lib_a-fstatr.o)
 .debug_abbrev  0x00002bb2      0x194 /usr/lib/gcc/arm-none-eabi/4.8/../../../arm-none-eabi/lib/armv7-m/libc_nano.a(lib_a-isattyr.o)
 .debug_abbrev  0x00002d46      0x1a3 /usr/lib/gcc/arm-none-eabi/4.8/../../../arm-none-eabi/lib/armv7-m/libc_nano.a(lib_a-lseekr.o)
 .debug_abbrev  0x00002ee9      0x194 /usr/lib/gcc/arm-none-eabi/4.8/../../../arm-none-eabi/lib/armv7-m/libc_nano.a(lib_a-readr.o)
 .debug_abbrev  0x0000307d      0x1fb /usr/lib/gcc/arm-none-eabi/4.8/../../../arm-none-eabi/lib/armv7-m/libc_nano.a(lib_a-reent.o)
 .debug_abbrev  0x00003278       0x66 /usr/lib/gcc/arm-none-eabi/4.8/../../../arm-none-eabi/lib/armv7-m/libnosys.a(close.o)
 .debug_abbrev  0x000032de       0xbb /usr/lib/gcc/arm-none-eabi/4.8/../../../arm-none-eabi/lib/armv7-m/libnosys.a(fstat.o)
 .debug_abbrev  0x00003399       0x66 /usr/lib/gcc/arm-none-eabi/4.8/../../../arm-none-eabi/lib/armv7-m/libnosys.a(isatty.o)
 .debug_abbrev  0x000033ff       0x84 /usr/lib/gcc/arm-none-eabi/4.8/../../../arm-none-eabi/lib/armv7-m/libnosys.a(lseek.o)
 .debug_abbrev  0x00003483       0x8d /usr/lib/gcc/arm-none-eabi/4.8/../../../arm-none-eabi/lib/armv7-m/libnosys.a(read.o)
 .debug_abbrev  0x00003510       0x83 /usr/lib/gcc/arm-none-eabi/4.8/../../../arm-none-eabi/lib/armv7-m/libnosys.a(sbrk.o)
 .debug_abbrev  0x00003593       0x8d /usr/lib/gcc/arm-none-eabi/4.8/../../../arm-none-eabi/lib/armv7-m/libnosys.a(write.o)

.debug_aranges  0x00000000      0x578
 .debug_aranges
                0x00000000       0x20 ./HARDWARE/led.o
 .debug_aranges
                0x00000020       0x20 ./HARDWARE/usart.o
 .debug_aranges
                0x00000040       0x20 ./USER/system_stm32f10x.o
 .debug_aranges
                0x00000060       0x20 ./USER/main.o
 .debug_aranges
                0x00000080       0x20 ./USER/stm32f10x_it.o
 .debug_aranges
                0x000000a0       0x20 ./USER/CoIDE_startup.o
 .debug_aranges
                0x000000c0       0x20 ./STM32F10x_FWLib/src/stm32f10x_usart.o
 .debug_aranges
                0x000000e0       0x20 ./STM32F10x_FWLib/src/stm32f10x_gpio.o
 .debug_aranges
                0x00000100       0x20 ./STM32F10x_FWLib/src/misc.o
 .debug_aranges
                0x00000120       0x20 ./STM32F10x_FWLib/src/stm32f10x_rcc.o
 .debug_aranges
                0x00000140       0x18 /usr/lib/gcc/arm-none-eabi/4.8/../../../arm-none-eabi/lib/armv7-m/libc_nano.a(lib_a-impure.o)
 .debug_aranges
                0x00000158       0x20 /usr/lib/gcc/arm-none-eabi/4.8/../../../arm-none-eabi/lib/armv7-m/libc_nano.a(lib_a-memset.o)
 .debug_aranges
                0x00000178       0x28 /usr/lib/gcc/arm-none-eabi/4.8/../../../arm-none-eabi/lib/armv7-m/libc_nano.a(lib_a-puts.o)
 .debug_aranges
                0x000001a0       0x28 /usr/lib/gcc/arm-none-eabi/4.8/../../../arm-none-eabi/lib/armv7-m/libc_nano.a(lib_a-wbuf.o)
 .debug_aranges
                0x000001c8       0x20 /usr/lib/gcc/arm-none-eabi/4.8/../../../arm-none-eabi/lib/armv7-m/libc_nano.a(lib_a-wsetup.o)
 .debug_aranges
                0x000001e8       0x30 /usr/lib/gcc/arm-none-eabi/4.8/../../../arm-none-eabi/lib/armv7-m/libc_nano.a(lib_a-fflush.o)
 .debug_aranges
                0x00000218       0x88 /usr/lib/gcc/arm-none-eabi/4.8/../../../arm-none-eabi/lib/armv7-m/libc_nano.a(lib_a-findfp.o)
 .debug_aranges
                0x000002a0       0x28 /usr/lib/gcc/arm-none-eabi/4.8/../../../arm-none-eabi/lib/armv7-m/libc_nano.a(lib_a-fwalk.o)
 .debug_aranges
                0x000002c8       0x20 /usr/lib/gcc/arm-none-eabi/4.8/../../../arm-none-eabi/lib/armv7-m/libc_nano.a(lib_a-makebuf.o)
 .debug_aranges
                0x000002e8       0x20 /usr/lib/gcc/arm-none-eabi/4.8/../../../arm-none-eabi/lib/armv7-m/libc_nano.a(lib_a-nano-freer.o)
 .debug_aranges
                0x00000308       0x20 /usr/lib/gcc/arm-none-eabi/4.8/../../../arm-none-eabi/lib/armv7-m/libc_nano.a(lib_a-nano-mallocr.o)
 .debug_aranges
                0x00000328       0x20 /usr/lib/gcc/arm-none-eabi/4.8/../../../arm-none-eabi/lib/armv7-m/libc_nano.a(lib_a-sbrkr.o)
 .debug_aranges
                0x00000348       0x40 /usr/lib/gcc/arm-none-eabi/4.8/../../../arm-none-eabi/lib/armv7-m/libc_nano.a(lib_a-stdio.o)
 .debug_aranges
                0x00000388       0x20 /usr/lib/gcc/arm-none-eabi/4.8/../../../arm-none-eabi/lib/armv7-m/libc_nano.a(lib_a-writer.o)
 .debug_aranges
                0x000003a8       0x20 /usr/lib/gcc/arm-none-eabi/4.8/../../../arm-none-eabi/lib/armv7-m/libc_nano.a(lib_a-closer.o)
 .debug_aranges
                0x000003c8       0x28 /usr/lib/gcc/arm-none-eabi/4.8/../../../arm-none-eabi/lib/armv7-m/libc_nano.a(lib_a-fclose.o)
 .debug_aranges
                0x000003f0       0x20 /usr/lib/gcc/arm-none-eabi/4.8/../../../arm-none-eabi/lib/armv7-m/libc_nano.a(lib_a-fstatr.o)
 .debug_aranges
                0x00000410       0x20 /usr/lib/gcc/arm-none-eabi/4.8/../../../arm-none-eabi/lib/armv7-m/libc_nano.a(lib_a-isattyr.o)
 .debug_aranges
                0x00000430       0x20 /usr/lib/gcc/arm-none-eabi/4.8/../../../arm-none-eabi/lib/armv7-m/libc_nano.a(lib_a-lseekr.o)
 .debug_aranges
                0x00000450       0x20 /usr/lib/gcc/arm-none-eabi/4.8/../../../arm-none-eabi/lib/armv7-m/libc_nano.a(lib_a-readr.o)
 .debug_aranges
                0x00000470       0x28 /usr/lib/gcc/arm-none-eabi/4.8/../../../arm-none-eabi/lib/armv7-m/libc_nano.a(lib_a-reent.o)
 .debug_aranges
                0x00000498       0x20 /usr/lib/gcc/arm-none-eabi/4.8/../../../arm-none-eabi/lib/armv7-m/libnosys.a(close.o)
 .debug_aranges
                0x000004b8       0x20 /usr/lib/gcc/arm-none-eabi/4.8/../../../arm-none-eabi/lib/armv7-m/libnosys.a(fstat.o)
 .debug_aranges
                0x000004d8       0x20 /usr/lib/gcc/arm-none-eabi/4.8/../../../arm-none-eabi/lib/armv7-m/libnosys.a(isatty.o)
 .debug_aranges
                0x000004f8       0x20 /usr/lib/gcc/arm-none-eabi/4.8/../../../arm-none-eabi/lib/armv7-m/libnosys.a(lseek.o)
 .debug_aranges
                0x00000518       0x20 /usr/lib/gcc/arm-none-eabi/4.8/../../../arm-none-eabi/lib/armv7-m/libnosys.a(read.o)
 .debug_aranges
                0x00000538       0x20 /usr/lib/gcc/arm-none-eabi/4.8/../../../arm-none-eabi/lib/armv7-m/libnosys.a(sbrk.o)
 .debug_aranges
                0x00000558       0x20 /usr/lib/gcc/arm-none-eabi/4.8/../../../arm-none-eabi/lib/armv7-m/libnosys.a(write.o)

.debug_line     0x00000000     0x34f6
 .debug_line    0x00000000      0x13a ./HARDWARE/led.o
 .debug_line    0x0000013a      0x210 ./HARDWARE/usart.o
 .debug_line    0x0000034a      0x14d ./USER/system_stm32f10x.o
 .debug_line    0x00000497      0x177 ./USER/main.o
 .debug_line    0x0000060e       0xf3 ./USER/stm32f10x_it.o
 .debug_line    0x00000701       0x5c ./USER/CoIDE_startup.o
 .debug_line    0x0000075d      0x278 ./STM32F10x_FWLib/src/stm32f10x_usart.o
 .debug_line    0x000009d5      0x219 ./STM32F10x_FWLib/src/stm32f10x_gpio.o
 .debug_line    0x00000bee      0x15b ./STM32F10x_FWLib/src/misc.o
 .debug_line    0x00000d49      0x275 ./STM32F10x_FWLib/src/stm32f10x_rcc.o
 .debug_line    0x00000fbe       0xf5 /usr/lib/gcc/arm-none-eabi/4.8/../../../arm-none-eabi/lib/armv7-m/libc_nano.a(lib_a-impure.o)
 .debug_line    0x000010b3       0xf6 /usr/lib/gcc/arm-none-eabi/4.8/../../../arm-none-eabi/lib/armv7-m/libc_nano.a(lib_a-memset.o)
 .debug_line    0x000011a9      0x1e7 /usr/lib/gcc/arm-none-eabi/4.8/../../../arm-none-eabi/lib/armv7-m/libc_nano.a(lib_a-puts.o)
 .debug_line    0x00001390      0x1ce /usr/lib/gcc/arm-none-eabi/4.8/../../../arm-none-eabi/lib/armv7-m/libc_nano.a(lib_a-wbuf.o)
 .debug_line    0x0000155e      0x1c7 /usr/lib/gcc/arm-none-eabi/4.8/../../../arm-none-eabi/lib/armv7-m/libc_nano.a(lib_a-wsetup.o)
 .debug_line    0x00001725      0x24e /usr/lib/gcc/arm-none-eabi/4.8/../../../arm-none-eabi/lib/armv7-m/libc_nano.a(lib_a-fflush.o)
 .debug_line    0x00001973      0x2ca /usr/lib/gcc/arm-none-eabi/4.8/../../../arm-none-eabi/lib/armv7-m/libc_nano.a(lib_a-findfp.o)
 .debug_line    0x00001c3d      0x1b1 /usr/lib/gcc/arm-none-eabi/4.8/../../../arm-none-eabi/lib/armv7-m/libc_nano.a(lib_a-fwalk.o)
 .debug_line    0x00001dee      0x1c1 /usr/lib/gcc/arm-none-eabi/4.8/../../../arm-none-eabi/lib/armv7-m/libc_nano.a(lib_a-makebuf.o)
 .debug_line    0x00001faf      0x14d /usr/lib/gcc/arm-none-eabi/4.8/../../../arm-none-eabi/lib/armv7-m/libc_nano.a(lib_a-nano-freer.o)
 .debug_line    0x000020fc      0x1a5 /usr/lib/gcc/arm-none-eabi/4.8/../../../arm-none-eabi/lib/armv7-m/libc_nano.a(lib_a-nano-mallocr.o)
 .debug_line    0x000022a1      0x16c /usr/lib/gcc/arm-none-eabi/4.8/../../../arm-none-eabi/lib/armv7-m/libc_nano.a(lib_a-sbrkr.o)
 .debug_line    0x0000240d      0x1dc /usr/lib/gcc/arm-none-eabi/4.8/../../../arm-none-eabi/lib/armv7-m/libc_nano.a(lib_a-stdio.o)
 .debug_line    0x000025e9      0x16c /usr/lib/gcc/arm-none-eabi/4.8/../../../arm-none-eabi/lib/armv7-m/libc_nano.a(lib_a-writer.o)
 .debug_line    0x00002755      0x16d /usr/lib/gcc/arm-none-eabi/4.8/../../../arm-none-eabi/lib/armv7-m/libc_nano.a(lib_a-closer.o)
 .debug_line    0x000028c2      0x1da /usr/lib/gcc/arm-none-eabi/4.8/../../../arm-none-eabi/lib/armv7-m/libc_nano.a(lib_a-fclose.o)
 .debug_line    0x00002a9c      0x182 /usr/lib/gcc/arm-none-eabi/4.8/../../../arm-none-eabi/lib/armv7-m/libc_nano.a(lib_a-fstatr.o)
 .debug_line    0x00002c1e      0x16e /usr/lib/gcc/arm-none-eabi/4.8/../../../arm-none-eabi/lib/armv7-m/libc_nano.a(lib_a-isattyr.o)
 .debug_line    0x00002d8c      0x16c /usr/lib/gcc/arm-none-eabi/4.8/../../../arm-none-eabi/lib/armv7-m/libc_nano.a(lib_a-lseekr.o)
 .debug_line    0x00002ef8      0x16b /usr/lib/gcc/arm-none-eabi/4.8/../../../arm-none-eabi/lib/armv7-m/libc_nano.a(lib_a-readr.o)
 .debug_line    0x00003063      0x1aa /usr/lib/gcc/arm-none-eabi/4.8/../../../arm-none-eabi/lib/armv7-m/libc_nano.a(lib_a-reent.o)
 .debug_line    0x0000320d       0x5a /usr/lib/gcc/arm-none-eabi/4.8/../../../arm-none-eabi/lib/armv7-m/libnosys.a(close.o)
 .debug_line    0x00003267       0xcf /usr/lib/gcc/arm-none-eabi/4.8/../../../arm-none-eabi/lib/armv7-m/libnosys.a(fstat.o)
 .debug_line    0x00003336       0x5b /usr/lib/gcc/arm-none-eabi/4.8/../../../arm-none-eabi/lib/armv7-m/libnosys.a(isatty.o)
 .debug_line    0x00003391       0x5a /usr/lib/gcc/arm-none-eabi/4.8/../../../arm-none-eabi/lib/armv7-m/libnosys.a(lseek.o)
 .debug_line    0x000033eb       0x59 /usr/lib/gcc/arm-none-eabi/4.8/../../../arm-none-eabi/lib/armv7-m/libnosys.a(read.o)
 .debug_line    0x00003444       0x58 /usr/lib/gcc/arm-none-eabi/4.8/../../../arm-none-eabi/lib/armv7-m/libnosys.a(sbrk.o)
 .debug_line    0x0000349c       0x5a /usr/lib/gcc/arm-none-eabi/4.8/../../../arm-none-eabi/lib/armv7-m/libnosys.a(write.o)

.debug_str      0x00000000     0x2775
 .debug_str     0x00000000      0x252 ./HARDWARE/led.o
                                0x2a0 (size before relaxing)
 .debug_str     0x00000252      0x900 ./HARDWARE/usart.o
                                0xbf7 (size before relaxing)
 .debug_str     0x00000b52      0x147 ./USER/system_stm32f10x.o
                                0x2c5 (size before relaxing)
 .debug_str     0x00000c99      0x251 ./USER/main.o
                                0x45a (size before relaxing)
 .debug_str     0x00000eea       0xa4 ./USER/stm32f10x_it.o
                                0x1c5 (size before relaxing)
 .debug_str     0x00000f8e       0x76 ./USER/CoIDE_startup.o
                                0x106 (size before relaxing)
 .debug_str     0x00001004      0x409 ./STM32F10x_FWLib/src/stm32f10x_usart.o
                                0x674 (size before relaxing)
 .debug_str     0x0000140d      0x21e ./STM32F10x_FWLib/src/stm32f10x_gpio.o
                                0x4fd (size before relaxing)
 .debug_str     0x0000162b      0x137 ./STM32F10x_FWLib/src/misc.o
                                0x3a2 (size before relaxing)
 .debug_str     0x00001762      0x368 ./STM32F10x_FWLib/src/stm32f10x_rcc.o
                                0x5fe (size before relaxing)
 .debug_str     0x00001aca      0x19c /usr/lib/gcc/arm-none-eabi/4.8/../../../arm-none-eabi/lib/armv7-m/libc_nano.a(lib_a-impure.o)
                                0x56f (size before relaxing)
 .debug_str     0x00001c66       0xa5 /usr/lib/gcc/arm-none-eabi/4.8/../../../arm-none-eabi/lib/armv7-m/libc_nano.a(lib_a-memset.o)
                                0x1c7 (size before relaxing)
 .debug_str     0x00001d0b       0xc5 /usr/lib/gcc/arm-none-eabi/4.8/../../../arm-none-eabi/lib/armv7-m/libc_nano.a(lib_a-puts.o)
                                0x546 (size before relaxing)
 .debug_str     0x00001dd0       0x4d /usr/lib/gcc/arm-none-eabi/4.8/../../../arm-none-eabi/lib/armv7-m/libc_nano.a(lib_a-wbuf.o)
                                0x593 (size before relaxing)
 .debug_str     0x00001e1d       0x42 /usr/lib/gcc/arm-none-eabi/4.8/../../../arm-none-eabi/lib/armv7-m/libc_nano.a(lib_a-wsetup.o)
                                0x58e (size before relaxing)
 .debug_str     0x00001e5f       0x5d /usr/lib/gcc/arm-none-eabi/4.8/../../../arm-none-eabi/lib/armv7-m/libc_nano.a(lib_a-fflush.o)
                                0x5cf (size before relaxing)
 .debug_str     0x00001ebc      0x188 /usr/lib/gcc/arm-none-eabi/4.8/../../../arm-none-eabi/lib/armv7-m/libc_nano.a(lib_a-findfp.o)
                                0x70e (size before relaxing)
 .debug_str     0x00002044       0x3b /usr/lib/gcc/arm-none-eabi/4.8/../../../arm-none-eabi/lib/armv7-m/libc_nano.a(lib_a-fwalk.o)
                                0x535 (size before relaxing)
 .debug_str     0x0000207f      0x115 /usr/lib/gcc/arm-none-eabi/4.8/../../../arm-none-eabi/lib/armv7-m/libc_nano.a(lib_a-makebuf.o)
                                0x632 (size before relaxing)
 .debug_str     0x00002194      0x100 /usr/lib/gcc/arm-none-eabi/4.8/../../../arm-none-eabi/lib/armv7-m/libc_nano.a(lib_a-nano-freer.o)
                                0x588 (size before relaxing)
 .debug_str     0x00002294       0x50 /usr/lib/gcc/arm-none-eabi/4.8/../../../arm-none-eabi/lib/armv7-m/libc_nano.a(lib_a-nano-mallocr.o)
                                0x5bd (size before relaxing)
 .debug_str     0x000022e4       0x37 /usr/lib/gcc/arm-none-eabi/4.8/../../../arm-none-eabi/lib/armv7-m/libc_nano.a(lib_a-sbrkr.o)
                                0x527 (size before relaxing)
 .debug_str     0x0000231b       0x8c /usr/lib/gcc/arm-none-eabi/4.8/../../../arm-none-eabi/lib/armv7-m/libc_nano.a(lib_a-stdio.o)
                                0x58b (size before relaxing)
 .debug_str     0x000023a7       0x2d /usr/lib/gcc/arm-none-eabi/4.8/../../../arm-none-eabi/lib/armv7-m/libc_nano.a(lib_a-writer.o)
                                0x524 (size before relaxing)
 .debug_str     0x000023d4       0x2d /usr/lib/gcc/arm-none-eabi/4.8/../../../arm-none-eabi/lib/armv7-m/libc_nano.a(lib_a-closer.o)
                                0x514 (size before relaxing)
 .debug_str     0x00002401       0x43 /usr/lib/gcc/arm-none-eabi/4.8/../../../arm-none-eabi/lib/armv7-m/libc_nano.a(lib_a-fclose.o)
                                0x5bc (size before relaxing)
 .debug_str     0x00002444       0x3a /usr/lib/gcc/arm-none-eabi/4.8/../../../arm-none-eabi/lib/armv7-m/libc_nano.a(lib_a-fstatr.o)
                                0x607 (size before relaxing)
 .debug_str     0x0000247e       0x36 /usr/lib/gcc/arm-none-eabi/4.8/../../../arm-none-eabi/lib/armv7-m/libc_nano.a(lib_a-isattyr.o)
                                0x51e (size before relaxing)
 .debug_str     0x000024b4       0x34 /usr/lib/gcc/arm-none-eabi/4.8/../../../arm-none-eabi/lib/armv7-m/libc_nano.a(lib_a-lseekr.o)
                                0x522 (size before relaxing)
 .debug_str     0x000024e8       0x2c /usr/lib/gcc/arm-none-eabi/4.8/../../../arm-none-eabi/lib/armv7-m/libc_nano.a(lib_a-readr.o)
                                0x522 (size before relaxing)
 .debug_str     0x00002514       0x58 /usr/lib/gcc/arm-none-eabi/4.8/../../../arm-none-eabi/lib/armv7-m/libc_nano.a(lib_a-reent.o)
                                0x54f (size before relaxing)
 .debug_str     0x0000256c      0x106 /usr/lib/gcc/arm-none-eabi/4.8/../../../arm-none-eabi/lib/armv7-m/libnosys.a(close.o)
                                0x1a5 (size before relaxing)
 .debug_str     0x00002672       0x29 /usr/lib/gcc/arm-none-eabi/4.8/../../../arm-none-eabi/lib/armv7-m/libnosys.a(fstat.o)
                                0x292 (size before relaxing)
 .debug_str     0x0000269b       0x2a /usr/lib/gcc/arm-none-eabi/4.8/../../../arm-none-eabi/lib/armv7-m/libnosys.a(isatty.o)
                                0x1a5 (size before relaxing)
 .debug_str     0x000026c5       0x29 /usr/lib/gcc/arm-none-eabi/4.8/../../../arm-none-eabi/lib/armv7-m/libnosys.a(lseek.o)
                                0x1a3 (size before relaxing)
 .debug_str     0x000026ee       0x28 /usr/lib/gcc/arm-none-eabi/4.8/../../../arm-none-eabi/lib/armv7-m/libnosys.a(read.o)
                                0x1a1 (size before relaxing)
 .debug_str     0x00002716       0x36 /usr/lib/gcc/arm-none-eabi/4.8/../../../arm-none-eabi/lib/armv7-m/libnosys.a(sbrk.o)
                                0x125 (size before relaxing)
 .debug_str     0x0000274c       0x29 /usr/lib/gcc/arm-none-eabi/4.8/../../../arm-none-eabi/lib/armv7-m/libnosys.a(write.o)
                                0x1a3 (size before relaxing)

.debug_frame    0x00000000     0x12f8
 .debug_frame   0x00000000       0x30 ./HARDWARE/led.o
 .debug_frame   0x00000030       0x88 ./HARDWARE/usart.o
 .debug_frame   0x000000b8       0x80 ./USER/system_stm32f10x.o
 .debug_frame   0x00000138       0xe8 ./USER/main.o
 .debug_frame   0x00000220       0xe8 ./USER/stm32f10x_it.o
 .debug_frame   0x00000308       0x48 ./USER/CoIDE_startup.o
 .debug_frame   0x00000350      0x344 ./STM32F10x_FWLib/src/stm32f10x_usart.o
 .debug_frame   0x00000694      0x210 ./STM32F10x_FWLib/src/stm32f10x_gpio.o
 .debug_frame   0x000008a4       0x9c ./STM32F10x_FWLib/src/misc.o
 .debug_frame   0x00000940      0x388 ./STM32F10x_FWLib/src/stm32f10x_rcc.o
 .debug_frame   0x00000cc8       0x20 /usr/lib/gcc/arm-none-eabi/4.8/../../../arm-none-eabi/lib/armv7-m/libc_nano.a(lib_a-memset.o)
 .debug_frame   0x00000ce8       0x3c /usr/lib/gcc/arm-none-eabi/4.8/../../../arm-none-eabi/lib/armv7-m/libc_nano.a(lib_a-puts.o)
 .debug_frame   0x00000d24       0x3c /usr/lib/gcc/arm-none-eabi/4.8/../../../arm-none-eabi/lib/armv7-m/libc_nano.a(lib_a-wbuf.o)
 .debug_frame   0x00000d60       0x2c /usr/lib/gcc/arm-none-eabi/4.8/../../../arm-none-eabi/lib/armv7-m/libc_nano.a(lib_a-wsetup.o)
 .debug_frame   0x00000d8c       0x5c /usr/lib/gcc/arm-none-eabi/4.8/../../../arm-none-eabi/lib/armv7-m/libc_nano.a(lib_a-fflush.o)
 .debug_frame   0x00000de8      0x11c /usr/lib/gcc/arm-none-eabi/4.8/../../../arm-none-eabi/lib/armv7-m/libc_nano.a(lib_a-findfp.o)
 .debug_frame   0x00000f04       0x54 /usr/lib/gcc/arm-none-eabi/4.8/../../../arm-none-eabi/lib/armv7-m/libc_nano.a(lib_a-fwalk.o)
 .debug_frame   0x00000f58       0x30 /usr/lib/gcc/arm-none-eabi/4.8/../../../arm-none-eabi/lib/armv7-m/libc_nano.a(lib_a-makebuf.o)
 .debug_frame   0x00000f88       0x2c /usr/lib/gcc/arm-none-eabi/4.8/../../../arm-none-eabi/lib/armv7-m/libc_nano.a(lib_a-nano-freer.o)
 .debug_frame   0x00000fb4       0x2c /usr/lib/gcc/arm-none-eabi/4.8/../../../arm-none-eabi/lib/armv7-m/libc_nano.a(lib_a-nano-mallocr.o)
 .debug_frame   0x00000fe0       0x2c /usr/lib/gcc/arm-none-eabi/4.8/../../../arm-none-eabi/lib/armv7-m/libc_nano.a(lib_a-sbrkr.o)
 .debug_frame   0x0000100c       0x80 /usr/lib/gcc/arm-none-eabi/4.8/../../../arm-none-eabi/lib/armv7-m/libc_nano.a(lib_a-stdio.o)
 .debug_frame   0x0000108c       0x2c /usr/lib/gcc/arm-none-eabi/4.8/../../../arm-none-eabi/lib/armv7-m/libc_nano.a(lib_a-writer.o)
 .debug_frame   0x000010b8       0x2c /usr/lib/gcc/arm-none-eabi/4.8/../../../arm-none-eabi/lib/armv7-m/libc_nano.a(lib_a-closer.o)
 .debug_frame   0x000010e4       0x3c /usr/lib/gcc/arm-none-eabi/4.8/../../../arm-none-eabi/lib/armv7-m/libc_nano.a(lib_a-fclose.o)
 .debug_frame   0x00001120       0x2c /usr/lib/gcc/arm-none-eabi/4.8/../../../arm-none-eabi/lib/armv7-m/libc_nano.a(lib_a-fstatr.o)
 .debug_frame   0x0000114c       0x2c /usr/lib/gcc/arm-none-eabi/4.8/../../../arm-none-eabi/lib/armv7-m/libc_nano.a(lib_a-isattyr.o)
 .debug_frame   0x00001178       0x2c /usr/lib/gcc/arm-none-eabi/4.8/../../../arm-none-eabi/lib/armv7-m/libc_nano.a(lib_a-lseekr.o)
 .debug_frame   0x000011a4       0x2c /usr/lib/gcc/arm-none-eabi/4.8/../../../arm-none-eabi/lib/armv7-m/libc_nano.a(lib_a-readr.o)
 .debug_frame   0x000011d0       0x48 /usr/lib/gcc/arm-none-eabi/4.8/../../../arm-none-eabi/lib/armv7-m/libc_nano.a(lib_a-reent.o)
 .debug_frame   0x00001218       0x20 /usr/lib/gcc/arm-none-eabi/4.8/../../../arm-none-eabi/lib/armv7-m/libnosys.a(close.o)
 .debug_frame   0x00001238       0x20 /usr/lib/gcc/arm-none-eabi/4.8/../../../arm-none-eabi/lib/armv7-m/libnosys.a(fstat.o)
 .debug_frame   0x00001258       0x20 /usr/lib/gcc/arm-none-eabi/4.8/../../../arm-none-eabi/lib/armv7-m/libnosys.a(isatty.o)
 .debug_frame   0x00001278       0x20 /usr/lib/gcc/arm-none-eabi/4.8/../../../arm-none-eabi/lib/armv7-m/libnosys.a(lseek.o)
 .debug_frame   0x00001298       0x20 /usr/lib/gcc/arm-none-eabi/4.8/../../../arm-none-eabi/lib/armv7-m/libnosys.a(read.o)
 .debug_frame   0x000012b8       0x20 /usr/lib/gcc/arm-none-eabi/4.8/../../../arm-none-eabi/lib/armv7-m/libnosys.a(sbrk.o)
 .debug_frame   0x000012d8       0x20 /usr/lib/gcc/arm-none-eabi/4.8/../../../arm-none-eabi/lib/armv7-m/libnosys.a(write.o)

.debug_loc      0x00000000     0x15c4
 .debug_loc     0x00000000       0x57 /usr/lib/gcc/arm-none-eabi/4.8/../../../arm-none-eabi/lib/armv7-m/libc_nano.a(lib_a-memset.o)
 .debug_loc     0x00000057      0x129 /usr/lib/gcc/arm-none-eabi/4.8/../../../arm-none-eabi/lib/armv7-m/libc_nano.a(lib_a-puts.o)
 .debug_loc     0x00000180      0x113 /usr/lib/gcc/arm-none-eabi/4.8/../../../arm-none-eabi/lib/armv7-m/libc_nano.a(lib_a-wbuf.o)
 .debug_loc     0x00000293       0x5d /usr/lib/gcc/arm-none-eabi/4.8/../../../arm-none-eabi/lib/armv7-m/libc_nano.a(lib_a-wsetup.o)
 .debug_loc     0x000002f0      0x24c /usr/lib/gcc/arm-none-eabi/4.8/../../../arm-none-eabi/lib/armv7-m/libc_nano.a(lib_a-fflush.o)
 .debug_loc     0x0000053c      0x1e2 /usr/lib/gcc/arm-none-eabi/4.8/../../../arm-none-eabi/lib/armv7-m/libc_nano.a(lib_a-findfp.o)
 .debug_loc     0x0000071e      0x11f /usr/lib/gcc/arm-none-eabi/4.8/../../../arm-none-eabi/lib/armv7-m/libc_nano.a(lib_a-fwalk.o)
 .debug_loc     0x0000083d       0xe0 /usr/lib/gcc/arm-none-eabi/4.8/../../../arm-none-eabi/lib/armv7-m/libc_nano.a(lib_a-makebuf.o)
 .debug_loc     0x0000091d      0x172 /usr/lib/gcc/arm-none-eabi/4.8/../../../arm-none-eabi/lib/armv7-m/libc_nano.a(lib_a-nano-freer.o)
 .debug_loc     0x00000a8f      0x26a /usr/lib/gcc/arm-none-eabi/4.8/../../../arm-none-eabi/lib/armv7-m/libc_nano.a(lib_a-nano-mallocr.o)
 .debug_loc     0x00000cf9       0x4d /usr/lib/gcc/arm-none-eabi/4.8/../../../arm-none-eabi/lib/armv7-m/libc_nano.a(lib_a-sbrkr.o)
 .debug_loc     0x00000d46      0x236 /usr/lib/gcc/arm-none-eabi/4.8/../../../arm-none-eabi/lib/armv7-m/libc_nano.a(lib_a-stdio.o)
 .debug_loc     0x00000f7c       0xa5 /usr/lib/gcc/arm-none-eabi/4.8/../../../arm-none-eabi/lib/armv7-m/libc_nano.a(lib_a-writer.o)
 .debug_loc     0x00001021       0x4d /usr/lib/gcc/arm-none-eabi/4.8/../../../arm-none-eabi/lib/armv7-m/libc_nano.a(lib_a-closer.o)
 .debug_loc     0x0000106e       0xf7 /usr/lib/gcc/arm-none-eabi/4.8/../../../arm-none-eabi/lib/armv7-m/libc_nano.a(lib_a-fclose.o)
 .debug_loc     0x00001165       0x79 /usr/lib/gcc/arm-none-eabi/4.8/../../../arm-none-eabi/lib/armv7-m/libc_nano.a(lib_a-fstatr.o)
 .debug_loc     0x000011de       0x4d /usr/lib/gcc/arm-none-eabi/4.8/../../../arm-none-eabi/lib/armv7-m/libc_nano.a(lib_a-isattyr.o)
 .debug_loc     0x0000122b       0xa5 /usr/lib/gcc/arm-none-eabi/4.8/../../../arm-none-eabi/lib/armv7-m/libc_nano.a(lib_a-lseekr.o)
 .debug_loc     0x000012d0       0xa5 /usr/lib/gcc/arm-none-eabi/4.8/../../../arm-none-eabi/lib/armv7-m/libc_nano.a(lib_a-readr.o)
 .debug_loc     0x00001375      0x105 /usr/lib/gcc/arm-none-eabi/4.8/../../../arm-none-eabi/lib/armv7-m/libc_nano.a(lib_a-reent.o)
 .debug_loc     0x0000147a       0x21 /usr/lib/gcc/arm-none-eabi/4.8/../../../arm-none-eabi/lib/armv7-m/libnosys.a(close.o)
 .debug_loc     0x0000149b       0x21 /usr/lib/gcc/arm-none-eabi/4.8/../../../arm-none-eabi/lib/armv7-m/libnosys.a(fstat.o)
 .debug_loc     0x000014bc       0x21 /usr/lib/gcc/arm-none-eabi/4.8/../../../arm-none-eabi/lib/armv7-m/libnosys.a(isatty.o)
 .debug_loc     0x000014dd       0x42 /usr/lib/gcc/arm-none-eabi/4.8/../../../arm-none-eabi/lib/armv7-m/libnosys.a(lseek.o)
 .debug_loc     0x0000151f       0x42 /usr/lib/gcc/arm-none-eabi/4.8/../../../arm-none-eabi/lib/armv7-m/libnosys.a(read.o)
 .debug_loc     0x00001561       0x21 /usr/lib/gcc/arm-none-eabi/4.8/../../../arm-none-eabi/lib/armv7-m/libnosys.a(sbrk.o)
 .debug_loc     0x00001582       0x42 /usr/lib/gcc/arm-none-eabi/4.8/../../../arm-none-eabi/lib/armv7-m/libnosys.a(write.o)

.debug_ranges   0x00000000      0x2d8
 .debug_ranges  0x00000000       0x10 /usr/lib/gcc/arm-none-eabi/4.8/../../../arm-none-eabi/lib/armv7-m/libc_nano.a(lib_a-memset.o)
 .debug_ranges  0x00000010       0x18 /usr/lib/gcc/arm-none-eabi/4.8/../../../arm-none-eabi/lib/armv7-m/libc_nano.a(lib_a-puts.o)
 .debug_ranges  0x00000028       0x18 /usr/lib/gcc/arm-none-eabi/4.8/../../../arm-none-eabi/lib/armv7-m/libc_nano.a(lib_a-wbuf.o)
 .debug_ranges  0x00000040       0x30 /usr/lib/gcc/arm-none-eabi/4.8/../../../arm-none-eabi/lib/armv7-m/libc_nano.a(lib_a-wsetup.o)
 .debug_ranges  0x00000070       0x20 /usr/lib/gcc/arm-none-eabi/4.8/../../../arm-none-eabi/lib/armv7-m/libc_nano.a(lib_a-fflush.o)
 .debug_ranges  0x00000090       0x78 /usr/lib/gcc/arm-none-eabi/4.8/../../../arm-none-eabi/lib/armv7-m/libc_nano.a(lib_a-findfp.o)
 .debug_ranges  0x00000108       0x18 /usr/lib/gcc/arm-none-eabi/4.8/../../../arm-none-eabi/lib/armv7-m/libc_nano.a(lib_a-fwalk.o)
 .debug_ranges  0x00000120       0x10 /usr/lib/gcc/arm-none-eabi/4.8/../../../arm-none-eabi/lib/armv7-m/libc_nano.a(lib_a-makebuf.o)
 .debug_ranges  0x00000130       0x28 /usr/lib/gcc/arm-none-eabi/4.8/../../../arm-none-eabi/lib/armv7-m/libc_nano.a(lib_a-nano-freer.o)
 .debug_ranges  0x00000158       0x28 /usr/lib/gcc/arm-none-eabi/4.8/../../../arm-none-eabi/lib/armv7-m/libc_nano.a(lib_a-nano-mallocr.o)
 .debug_ranges  0x00000180       0x10 /usr/lib/gcc/arm-none-eabi/4.8/../../../arm-none-eabi/lib/armv7-m/libc_nano.a(lib_a-sbrkr.o)
 .debug_ranges  0x00000190       0x30 /usr/lib/gcc/arm-none-eabi/4.8/../../../arm-none-eabi/lib/armv7-m/libc_nano.a(lib_a-stdio.o)
 .debug_ranges  0x000001c0       0x10 /usr/lib/gcc/arm-none-eabi/4.8/../../../arm-none-eabi/lib/armv7-m/libc_nano.a(lib_a-writer.o)
 .debug_ranges  0x000001d0       0x10 /usr/lib/gcc/arm-none-eabi/4.8/../../../arm-none-eabi/lib/armv7-m/libc_nano.a(lib_a-closer.o)
 .debug_ranges  0x000001e0       0x18 /usr/lib/gcc/arm-none-eabi/4.8/../../../arm-none-eabi/lib/armv7-m/libc_nano.a(lib_a-fclose.o)
 .debug_ranges  0x000001f8       0x10 /usr/lib/gcc/arm-none-eabi/4.8/../../../arm-none-eabi/lib/armv7-m/libc_nano.a(lib_a-fstatr.o)
 .debug_ranges  0x00000208       0x10 /usr/lib/gcc/arm-none-eabi/4.8/../../../arm-none-eabi/lib/armv7-m/libc_nano.a(lib_a-isattyr.o)
 .debug_ranges  0x00000218       0x10 /usr/lib/gcc/arm-none-eabi/4.8/../../../arm-none-eabi/lib/armv7-m/libc_nano.a(lib_a-lseekr.o)
 .debug_ranges  0x00000228       0x10 /usr/lib/gcc/arm-none-eabi/4.8/../../../arm-none-eabi/lib/armv7-m/libc_nano.a(lib_a-readr.o)
 .debug_ranges  0x00000238       0x30 /usr/lib/gcc/arm-none-eabi/4.8/../../../arm-none-eabi/lib/armv7-m/libc_nano.a(lib_a-reent.o)
 .debug_ranges  0x00000268       0x10 /usr/lib/gcc/arm-none-eabi/4.8/../../../arm-none-eabi/lib/armv7-m/libnosys.a(close.o)
 .debug_ranges  0x00000278       0x10 /usr/lib/gcc/arm-none-eabi/4.8/../../../arm-none-eabi/lib/armv7-m/libnosys.a(fstat.o)
 .debug_ranges  0x00000288       0x10 /usr/lib/gcc/arm-none-eabi/4.8/../../../arm-none-eabi/lib/armv7-m/libnosys.a(isatty.o)
 .debug_ranges  0x00000298       0x10 /usr/lib/gcc/arm-none-eabi/4.8/../../../arm-none-eabi/lib/armv7-m/libnosys.a(lseek.o)
 .debug_ranges  0x000002a8       0x10 /usr/lib/gcc/arm-none-eabi/4.8/../../../arm-none-eabi/lib/armv7-m/libnosys.a(read.o)
 .debug_ranges  0x000002b8       0x10 /usr/lib/gcc/arm-none-eabi/4.8/../../../arm-none-eabi/lib/armv7-m/libnosys.a(sbrk.o)
 .debug_ranges  0x000002c8       0x10 /usr/lib/gcc/arm-none-eabi/4.8/../../../arm-none-eabi/lib/armv7-m/libnosys.a(write.o)

.stab           0x00000000       0x9c
 .stab          0x00000000       0x24 /usr/lib/gcc/arm-none-eabi/4.8/../../../arm-none-eabi/lib/armv7-m/libnosys.a(close.o)
 .stab          0x00000024       0x18 /usr/lib/gcc/arm-none-eabi/4.8/../../../arm-none-eabi/lib/armv7-m/libnosys.a(fstat.o)
                                 0x24 (size before relaxing)
 .stab          0x0000003c       0x18 /usr/lib/gcc/arm-none-eabi/4.8/../../../arm-none-eabi/lib/armv7-m/libnosys.a(isatty.o)
                                 0x24 (size before relaxing)
 .stab          0x00000054       0x18 /usr/lib/gcc/arm-none-eabi/4.8/../../../arm-none-eabi/lib/armv7-m/libnosys.a(lseek.o)
                                 0x24 (size before relaxing)
 .stab          0x0000006c       0x18 /usr/lib/gcc/arm-none-eabi/4.8/../../../arm-none-eabi/lib/armv7-m/libnosys.a(read.o)
                                 0x24 (size before relaxing)
 .stab          0x00000084       0x18 /usr/lib/gcc/arm-none-eabi/4.8/../../../arm-none-eabi/lib/armv7-m/libnosys.a(write.o)
                                 0x24 (size before relaxing)

.stabstr        0x00000000      0x14d
 .stabstr       0x00000000      0x14d /usr/lib/gcc/arm-none-eabi/4.8/../../../arm-none-eabi/lib/armv7-m/libnosys.a(close.o)

Cross Reference Table

Symbol                                            File
ADC1_2_IRQHandler                                 ./USER/CoIDE_startup.o
ADC3_IRQHandler                                   ./USER/CoIDE_startup.o
ADC_AnalogWatchdogCmd                             ./STM32F10x_FWLib/src/stm32f10x_adc.o
ADC_AnalogWatchdogSingleChannelConfig             ./STM32F10x_FWLib/src/stm32f10x_adc.o
ADC_AnalogWatchdogThresholdsConfig                ./STM32F10x_FWLib/src/stm32f10x_adc.o
ADC_AutoInjectedConvCmd                           ./STM32F10x_FWLib/src/stm32f10x_adc.o
ADC_ClearFlag                                     ./STM32F10x_FWLib/src/stm32f10x_adc.o
ADC_ClearITPendingBit                             ./STM32F10x_FWLib/src/stm32f10x_adc.o
ADC_Cmd                                           ./STM32F10x_FWLib/src/stm32f10x_adc.o
ADC_DMACmd                                        ./STM32F10x_FWLib/src/stm32f10x_adc.o
ADC_DeInit                                        ./STM32F10x_FWLib/src/stm32f10x_adc.o
ADC_DiscModeChannelCountConfig                    ./STM32F10x_FWLib/src/stm32f10x_adc.o
ADC_DiscModeCmd                                   ./STM32F10x_FWLib/src/stm32f10x_adc.o
ADC_ExternalTrigConvCmd                           ./STM32F10x_FWLib/src/stm32f10x_adc.o
ADC_ExternalTrigInjectedConvCmd                   ./STM32F10x_FWLib/src/stm32f10x_adc.o
ADC_ExternalTrigInjectedConvConfig                ./STM32F10x_FWLib/src/stm32f10x_adc.o
ADC_GetCalibrationStatus                          ./STM32F10x_FWLib/src/stm32f10x_adc.o
ADC_GetConversionValue                            ./STM32F10x_FWLib/src/stm32f10x_adc.o
ADC_GetDualModeConversionValue                    ./STM32F10x_FWLib/src/stm32f10x_adc.o
ADC_GetFlagStatus                                 ./STM32F10x_FWLib/src/stm32f10x_adc.o
ADC_GetITStatus                                   ./STM32F10x_FWLib/src/stm32f10x_adc.o
ADC_GetInjectedConversionValue                    ./STM32F10x_FWLib/src/stm32f10x_adc.o
ADC_GetResetCalibrationStatus                     ./STM32F10x_FWLib/src/stm32f10x_adc.o
ADC_GetSoftwareStartConvStatus                    ./STM32F10x_FWLib/src/stm32f10x_adc.o
ADC_GetSoftwareStartInjectedConvCmdStatus         ./STM32F10x_FWLib/src/stm32f10x_adc.o
ADC_ITConfig                                      ./STM32F10x_FWLib/src/stm32f10x_adc.o
ADC_Init                                          ./STM32F10x_FWLib/src/stm32f10x_adc.o
ADC_InjectedChannelConfig                         ./STM32F10x_FWLib/src/stm32f10x_adc.o
ADC_InjectedDiscModeCmd                           ./STM32F10x_FWLib/src/stm32f10x_adc.o
ADC_InjectedSequencerLengthConfig                 ./STM32F10x_FWLib/src/stm32f10x_adc.o
ADC_RegularChannelConfig                          ./STM32F10x_FWLib/src/stm32f10x_adc.o
ADC_ResetCalibration                              ./STM32F10x_FWLib/src/stm32f10x_adc.o
ADC_SetInjectedOffset                             ./STM32F10x_FWLib/src/stm32f10x_adc.o
ADC_SoftwareStartConvCmd                          ./STM32F10x_FWLib/src/stm32f10x_adc.o
ADC_SoftwareStartInjectedConvCmd                  ./STM32F10x_FWLib/src/stm32f10x_adc.o
ADC_StartCalibration                              ./STM32F10x_FWLib/src/stm32f10x_adc.o
ADC_StructInit                                    ./STM32F10x_FWLib/src/stm32f10x_adc.o
ADC_TempSensorVrefintCmd                          ./STM32F10x_FWLib/src/stm32f10x_adc.o
AHBPrescTable                                     ./USER/system_stm32f10x.o
BKP_ClearFlag                                     ./STM32F10x_FWLib/src/stm32f10x_bkp.o
BKP_ClearITPendingBit                             ./STM32F10x_FWLib/src/stm32f10x_bkp.o
BKP_DeInit                                        ./STM32F10x_FWLib/src/stm32f10x_bkp.o
BKP_GetFlagStatus                                 ./STM32F10x_FWLib/src/stm32f10x_bkp.o
BKP_GetITStatus                                   ./STM32F10x_FWLib/src/stm32f10x_bkp.o
BKP_ITConfig                                      ./STM32F10x_FWLib/src/stm32f10x_bkp.o
BKP_RTCOutputConfig                               ./STM32F10x_FWLib/src/stm32f10x_bkp.o
BKP_ReadBackupRegister                            ./STM32F10x_FWLib/src/stm32f10x_bkp.o
BKP_SetRTCCalibrationValue                        ./STM32F10x_FWLib/src/stm32f10x_bkp.o
BKP_TamperPinCmd                                  ./STM32F10x_FWLib/src/stm32f10x_bkp.o
BKP_TamperPinLevelConfig                          ./STM32F10x_FWLib/src/stm32f10x_bkp.o
BKP_WriteBackupRegister                           ./STM32F10x_FWLib/src/stm32f10x_bkp.o
BusFault_Handler                                  ./USER/stm32f10x_it.o
CAN1_RX1_IRQHandler                               ./USER/CoIDE_startup.o
CAN1_SCE_IRQHandler                               ./USER/CoIDE_startup.o
CAN_CancelTransmit                                ./STM32F10x_FWLib/src/stm32f10x_can.o
CAN_ClearFlag                                     ./STM32F10x_FWLib/src/stm32f10x_can.o
CAN_ClearITPendingBit                             ./STM32F10x_FWLib/src/stm32f10x_can.o
CAN_DBGFreeze                                     ./STM32F10x_FWLib/src/stm32f10x_can.o
CAN_DeInit                                        ./STM32F10x_FWLib/src/stm32f10x_can.o
CAN_FIFORelease                                   ./STM32F10x_FWLib/src/stm32f10x_can.o
CAN_FilterInit                                    ./STM32F10x_FWLib/src/stm32f10x_can.o
CAN_GetFlagStatus                                 ./STM32F10x_FWLib/src/stm32f10x_can.o
CAN_GetITStatus                                   ./STM32F10x_FWLib/src/stm32f10x_can.o
CAN_GetLSBTransmitErrorCounter                    ./STM32F10x_FWLib/src/stm32f10x_can.o
CAN_GetLastErrorCode                              ./STM32F10x_FWLib/src/stm32f10x_can.o
CAN_GetReceiveErrorCounter                        ./STM32F10x_FWLib/src/stm32f10x_can.o
CAN_ITConfig                                      ./STM32F10x_FWLib/src/stm32f10x_can.o
CAN_Init                                          ./STM32F10x_FWLib/src/stm32f10x_can.o
CAN_MessagePending                                ./STM32F10x_FWLib/src/stm32f10x_can.o
CAN_OperatingModeRequest                          ./STM32F10x_FWLib/src/stm32f10x_can.o
CAN_Receive                                       ./STM32F10x_FWLib/src/stm32f10x_can.o
CAN_SlaveStartBank                                ./STM32F10x_FWLib/src/stm32f10x_can.o
CAN_Sleep                                         ./STM32F10x_FWLib/src/stm32f10x_can.o
CAN_StructInit                                    ./STM32F10x_FWLib/src/stm32f10x_can.o
CAN_TTComModeCmd                                  ./STM32F10x_FWLib/src/stm32f10x_can.o
CAN_Transmit                                      ./STM32F10x_FWLib/src/stm32f10x_can.o
CAN_TransmitStatus                                ./STM32F10x_FWLib/src/stm32f10x_can.o
CAN_WakeUp                                        ./STM32F10x_FWLib/src/stm32f10x_can.o
CEC_ClearFlag                                     ./STM32F10x_FWLib/src/stm32f10x_cec.o
CEC_ClearITPendingBit                             ./STM32F10x_FWLib/src/stm32f10x_cec.o
CEC_Cmd                                           ./STM32F10x_FWLib/src/stm32f10x_cec.o
CEC_DeInit                                        ./STM32F10x_FWLib/src/stm32f10x_cec.o
CEC_EndOfMessageCmd                               ./STM32F10x_FWLib/src/stm32f10x_cec.o
CEC_GetFlagStatus                                 ./STM32F10x_FWLib/src/stm32f10x_cec.o
CEC_GetITStatus                                   ./STM32F10x_FWLib/src/stm32f10x_cec.o
CEC_ITConfig                                      ./STM32F10x_FWLib/src/stm32f10x_cec.o
CEC_Init                                          ./STM32F10x_FWLib/src/stm32f10x_cec.o
CEC_OwnAddressConfig                              ./STM32F10x_FWLib/src/stm32f10x_cec.o
CEC_ReceiveDataByte                               ./STM32F10x_FWLib/src/stm32f10x_cec.o
CEC_SendDataByte                                  ./STM32F10x_FWLib/src/stm32f10x_cec.o
CEC_SetPrescaler                                  ./STM32F10x_FWLib/src/stm32f10x_cec.o
CEC_StartOfMessage                                ./STM32F10x_FWLib/src/stm32f10x_cec.o
CRC_CalcBlockCRC                                  ./STM32F10x_FWLib/src/stm32f10x_crc.o
CRC_CalcCRC                                       ./STM32F10x_FWLib/src/stm32f10x_crc.o
CRC_GetCRC                                        ./STM32F10x_FWLib/src/stm32f10x_crc.o
CRC_GetIDRegister                                 ./STM32F10x_FWLib/src/stm32f10x_crc.o
CRC_ResetDR                                       ./STM32F10x_FWLib/src/stm32f10x_crc.o
CRC_SetIDRegister                                 ./STM32F10x_FWLib/src/stm32f10x_crc.o
DAC_Cmd                                           ./STM32F10x_FWLib/src/stm32f10x_dac.o
DAC_DMACmd                                        ./STM32F10x_FWLib/src/stm32f10x_dac.o
DAC_DeInit                                        ./STM32F10x_FWLib/src/stm32f10x_dac.o
DAC_DualSoftwareTriggerCmd                        ./STM32F10x_FWLib/src/stm32f10x_dac.o
DAC_GetDataOutputValue                            ./STM32F10x_FWLib/src/stm32f10x_dac.o
DAC_Init                                          ./STM32F10x_FWLib/src/stm32f10x_dac.o
DAC_SetChannel1Data                               ./STM32F10x_FWLib/src/stm32f10x_dac.o
DAC_SetChannel2Data                               ./STM32F10x_FWLib/src/stm32f10x_dac.o
DAC_SetDualChannelData                            ./STM32F10x_FWLib/src/stm32f10x_dac.o
DAC_SoftwareTriggerCmd                            ./STM32F10x_FWLib/src/stm32f10x_dac.o
DAC_StructInit                                    ./STM32F10x_FWLib/src/stm32f10x_dac.o
DAC_WaveGenerationCmd                             ./STM32F10x_FWLib/src/stm32f10x_dac.o
DBGMCU_Config                                     ./STM32F10x_FWLib/src/stm32f10x_dbgmcu.o
DBGMCU_GetDEVID                                   ./STM32F10x_FWLib/src/stm32f10x_dbgmcu.o
DBGMCU_GetREVID                                   ./STM32F10x_FWLib/src/stm32f10x_dbgmcu.o
DMA1_Channel1_IRQHandler                          ./USER/CoIDE_startup.o
DMA1_Channel2_IRQHandler                          ./USER/CoIDE_startup.o
DMA1_Channel3_IRQHandler                          ./USER/CoIDE_startup.o
DMA1_Channel4_IRQHandler                          ./USER/CoIDE_startup.o
DMA1_Channel5_IRQHandler                          ./USER/CoIDE_startup.o
DMA1_Channel6_IRQHandler                          ./USER/CoIDE_startup.o
DMA1_Channel7_IRQHandler                          ./USER/CoIDE_startup.o
DMA2_Channel1_IRQHandler                          ./USER/CoIDE_startup.o
DMA2_Channel2_IRQHandler                          ./USER/CoIDE_startup.o
DMA2_Channel3_IRQHandler                          ./USER/CoIDE_startup.o
DMA2_Channel4_5_IRQHandler                        ./USER/CoIDE_startup.o
DMA_ClearFlag                                     ./STM32F10x_FWLib/src/stm32f10x_dma.o
DMA_ClearITPendingBit                             ./STM32F10x_FWLib/src/stm32f10x_dma.o
DMA_Cmd                                           ./STM32F10x_FWLib/src/stm32f10x_dma.o
DMA_DeInit                                        ./STM32F10x_FWLib/src/stm32f10x_dma.o
DMA_GetCurrDataCounter                            ./STM32F10x_FWLib/src/stm32f10x_dma.o
DMA_GetFlagStatus                                 ./STM32F10x_FWLib/src/stm32f10x_dma.o
DMA_GetITStatus                                   ./STM32F10x_FWLib/src/stm32f10x_dma.o
DMA_ITConfig                                      ./STM32F10x_FWLib/src/stm32f10x_dma.o
DMA_Init                                          ./STM32F10x_FWLib/src/stm32f10x_dma.o
DMA_SetCurrDataCounter                            ./STM32F10x_FWLib/src/stm32f10x_dma.o
DMA_StructInit                                    ./STM32F10x_FWLib/src/stm32f10x_dma.o
DebugMon_Handler                                  ./USER/stm32f10x_it.o
Default_Reset_Handler                             ./USER/CoIDE_startup.o
EXTI0_IRQHandler                                  ./USER/CoIDE_startup.o
EXTI15_10_IRQHandler                              ./USER/CoIDE_startup.o
EXTI1_IRQHandler                                  ./USER/CoIDE_startup.o
EXTI2_IRQHandler                                  ./USER/CoIDE_startup.o
EXTI3_IRQHandler                                  ./USER/CoIDE_startup.o
EXTI4_IRQHandler                                  ./USER/CoIDE_startup.o
EXTI9_5_IRQHandler                                ./USER/CoIDE_startup.o
EXTI_ClearFlag                                    ./STM32F10x_FWLib/src/stm32f10x_exti.o
EXTI_ClearITPendingBit                            ./STM32F10x_FWLib/src/stm32f10x_exti.o
EXTI_DeInit                                       ./STM32F10x_FWLib/src/stm32f10x_exti.o
EXTI_GenerateSWInterrupt                          ./STM32F10x_FWLib/src/stm32f10x_exti.o
EXTI_GetFlagStatus                                ./STM32F10x_FWLib/src/stm32f10x_exti.o
EXTI_GetITStatus                                  ./STM32F10x_FWLib/src/stm32f10x_exti.o
EXTI_Init                                         ./STM32F10x_FWLib/src/stm32f10x_exti.o
EXTI_StructInit                                   ./STM32F10x_FWLib/src/stm32f10x_exti.o
FLASH_ClearFlag                                   ./STM32F10x_FWLib/src/stm32f10x_flash.o
FLASH_EnableWriteProtection                       ./STM32F10x_FWLib/src/stm32f10x_flash.o
FLASH_EraseAllBank1Pages                          ./STM32F10x_FWLib/src/stm32f10x_flash.o
FLASH_EraseAllPages                               ./STM32F10x_FWLib/src/stm32f10x_flash.o
FLASH_EraseOptionBytes                            ./STM32F10x_FWLib/src/stm32f10x_flash.o
FLASH_ErasePage                                   ./STM32F10x_FWLib/src/stm32f10x_flash.o
FLASH_GetBank1Status                              ./STM32F10x_FWLib/src/stm32f10x_flash.o
FLASH_GetFlagStatus                               ./STM32F10x_FWLib/src/stm32f10x_flash.o
FLASH_GetPrefetchBufferStatus                     ./STM32F10x_FWLib/src/stm32f10x_flash.o
FLASH_GetReadOutProtectionStatus                  ./STM32F10x_FWLib/src/stm32f10x_flash.o
FLASH_GetStatus                                   ./STM32F10x_FWLib/src/stm32f10x_flash.o
FLASH_GetUserOptionByte                           ./STM32F10x_FWLib/src/stm32f10x_flash.o
FLASH_GetWriteProtectionOptionByte                ./STM32F10x_FWLib/src/stm32f10x_flash.o
FLASH_HalfCycleAccessCmd                          ./STM32F10x_FWLib/src/stm32f10x_flash.o
FLASH_IRQHandler                                  ./USER/CoIDE_startup.o
FLASH_ITConfig                                    ./STM32F10x_FWLib/src/stm32f10x_flash.o
FLASH_Lock                                        ./STM32F10x_FWLib/src/stm32f10x_flash.o
FLASH_LockBank1                                   ./STM32F10x_FWLib/src/stm32f10x_flash.o
FLASH_PrefetchBufferCmd                           ./STM32F10x_FWLib/src/stm32f10x_flash.o
FLASH_ProgramHalfWord                             ./STM32F10x_FWLib/src/stm32f10x_flash.o
FLASH_ProgramOptionByteData                       ./STM32F10x_FWLib/src/stm32f10x_flash.o
FLASH_ProgramWord                                 ./STM32F10x_FWLib/src/stm32f10x_flash.o
FLASH_ReadOutProtection                           ./STM32F10x_FWLib/src/stm32f10x_flash.o
FLASH_SetLatency                                  ./STM32F10x_FWLib/src/stm32f10x_flash.o
FLASH_Unlock                                      ./STM32F10x_FWLib/src/stm32f10x_flash.o
FLASH_UnlockBank1                                 ./STM32F10x_FWLib/src/stm32f10x_flash.o
FLASH_UserOptionByteConfig                        ./STM32F10x_FWLib/src/stm32f10x_flash.o
FLASH_WaitForLastBank1Operation                   ./STM32F10x_FWLib/src/stm32f10x_flash.o
FLASH_WaitForLastOperation                        ./STM32F10x_FWLib/src/stm32f10x_flash.o
FSMC_ClearFlag                                    ./STM32F10x_FWLib/src/stm32f10x_fsmc.o
FSMC_ClearITPendingBit                            ./STM32F10x_FWLib/src/stm32f10x_fsmc.o
FSMC_GetECC                                       ./STM32F10x_FWLib/src/stm32f10x_fsmc.o
FSMC_GetFlagStatus                                ./STM32F10x_FWLib/src/stm32f10x_fsmc.o
FSMC_GetITStatus                                  ./STM32F10x_FWLib/src/stm32f10x_fsmc.o
FSMC_IRQHandler                                   ./USER/CoIDE_startup.o
FSMC_ITConfig                                     ./STM32F10x_FWLib/src/stm32f10x_fsmc.o
FSMC_NANDCmd                                      ./STM32F10x_FWLib/src/stm32f10x_fsmc.o
FSMC_NANDDeInit                                   ./STM32F10x_FWLib/src/stm32f10x_fsmc.o
FSMC_NANDECCCmd                                   ./STM32F10x_FWLib/src/stm32f10x_fsmc.o
FSMC_NANDInit                                     ./STM32F10x_FWLib/src/stm32f10x_fsmc.o
FSMC_NANDStructInit                               ./STM32F10x_FWLib/src/stm32f10x_fsmc.o
FSMC_NORSRAMCmd                                   ./STM32F10x_FWLib/src/stm32f10x_fsmc.o
FSMC_NORSRAMDeInit                                ./STM32F10x_FWLib/src/stm32f10x_fsmc.o
FSMC_NORSRAMInit                                  ./STM32F10x_FWLib/src/stm32f10x_fsmc.o
FSMC_NORSRAMStructInit                            ./STM32F10x_FWLib/src/stm32f10x_fsmc.o
FSMC_PCCARDCmd                                    ./STM32F10x_FWLib/src/stm32f10x_fsmc.o
FSMC_PCCARDDeInit                                 ./STM32F10x_FWLib/src/stm32f10x_fsmc.o
FSMC_PCCARDInit                                   ./STM32F10x_FWLib/src/stm32f10x_fsmc.o
FSMC_PCCARDStructInit                             ./STM32F10x_FWLib/src/stm32f10x_fsmc.o
GPIO_AFIODeInit                                   ./STM32F10x_FWLib/src/stm32f10x_gpio.o
GPIO_DeInit                                       ./STM32F10x_FWLib/src/stm32f10x_gpio.o
GPIO_ETH_MediaInterfaceConfig                     ./STM32F10x_FWLib/src/stm32f10x_gpio.o
GPIO_EXTILineConfig                               ./STM32F10x_FWLib/src/stm32f10x_gpio.o
GPIO_EventOutputCmd                               ./STM32F10x_FWLib/src/stm32f10x_gpio.o
GPIO_EventOutputConfig                            ./STM32F10x_FWLib/src/stm32f10x_gpio.o
GPIO_Init                                         ./STM32F10x_FWLib/src/stm32f10x_gpio.o
                                                  ./HARDWARE/usart.o
                                                  ./HARDWARE/led.o
GPIO_PinLockConfig                                ./STM32F10x_FWLib/src/stm32f10x_gpio.o
GPIO_PinRemapConfig                               ./STM32F10x_FWLib/src/stm32f10x_gpio.o
GPIO_ReadInputData                                ./STM32F10x_FWLib/src/stm32f10x_gpio.o
GPIO_ReadInputDataBit                             ./STM32F10x_FWLib/src/stm32f10x_gpio.o
GPIO_ReadOutputData                               ./STM32F10x_FWLib/src/stm32f10x_gpio.o